10.0.1.15 - - [15/Jan/2024:08:00:02 +0000] "GET /api/health HTTP/1.1" 200 2140 "-" "Mozilla/5.0 (iPad; CPU OS 17_0 like Mac OS X) AppleWebKit/605.1.15"
192.168.1.5 - frank [15/Jan/2024:08:00:04 +0000] "GET /shop HTTP/1.1" 200 10554 "-" "Mozilla/5.0 (Windows NT 10.0; Win64; x64) AppleWebKit/537.36 (KHTML, like Gecko) Chrome/120.0.0.0 Safari/537.36"
10.0.1.15 - - [15/Jan/2024:08:00:19 +0000] "GET /search HTTP/1.1" 200 15240 "-" "Mozilla/5.0 (iPad; CPU OS 17_0 like Mac OS X) AppleWebKit/605.1.15"
192.168.1.10 - alice [15/Jan/2024:08:00:20 +0000] "POST /shop/item/1 HTTP/1.1" 200 1638 "-" "Mozilla/5.0 (Macintosh; Intel Mac OS X 10_15_7) AppleWebKit/537.36 (KHTML, like Gecko) Chrome/120.0.0.0 Safari/537.36"
192.168.1.100 - - [15/Jan/2024:08:00:30 +0000] "POST / HTTP/1.1" 200 7263 "-" "Mozilla/5.0 (iPhone; CPU iPhone OS 17_0 like Mac OS X) AppleWebKit/605.1.15"
10.0.0.10 - - [15/Jan/2024:08:00:43 +0000] "GET /blog HTTP/1.1" 200 15556 "-" "Mozilla/5.0 (Macintosh; Intel Mac OS X 10_15_7) AppleWebKit/605.1.15 (KHTML, like Gecko) Version/17.0 Safari/605.1.15"
192.168.1.10 - alice [15/Jan/2024:08:00:55 +0000] "GET /api/v1/users HTTP/1.1" 200 3353 "-" "Mozilla/5.0 (Macintosh; Intel Mac OS X 10_15_7) AppleWebKit/537.36 (KHTML, like Gecko) Chrome/120.0.0.0 Safari/537.36"
192.168.1.10 - alice [15/Jan/2024:08:01:05 +0000] "GET /shop/cart HTTP/1.1" 200 11996 "-" "Mozilla/5.0 (Macintosh; Intel Mac OS X 10_15_7) AppleWebKit/537.36 (KHTML, like Gecko) Chrome/120.0.0.0 Safari/537.36"
10.0.1.15 - - [15/Jan/2024:08:01:12 +0000] "GET /js/app.js HTTP/1.1" 200 5731 "-" "Mozilla/5.0 (iPad; CPU OS 17_0 like Mac OS X) AppleWebKit/605.1.15"
10.0.0.10 - - [15/Jan/2024:08:01:14 +0000] "GET /settings HTTP/1.1" 200 567 "-" "Mozilla/5.0 (Macintosh; Intel Mac OS X 10_15_7) AppleWebKit/605.1.15 (KHTML, like Gecko) Version/17.0 Safari/605.1.15"
192.168.1.5 - frank [15/Jan/2024:08:01:29 +0000] "GET /shop/cart HTTP/1.1" 200 5036 "-" "Mozilla/5.0 (Windows NT 10.0; Win64; x64) AppleWebKit/537.36 (KHTML, like Gecko) Chrome/120.0.0.0 Safari/537.36"
192.168.2.200 - - [15/Jan/2024:08:01:32 +0000] "GET /js/app.js HTTP/1.1" 200 12978 "-" "axios/1.4.0"
192.168.1.100 - - [15/Jan/2024:08:01:44 +0000] "GET /api/v1/orders HTTP/1.1" 200 3526 "-" "Mozilla/5.0 (iPhone; CPU iPhone OS 17_0 like Mac OS X) AppleWebKit/605.1.15"
172.16.1.25 - - [15/Jan/2024:08:01:59 +0000] "GET /api/health HTTP/1.1" 200 8219 "-" "Mozilla/5.0 (Windows NT 10.0; Win64; x64; rv:120.0) Gecko/20100101 Firefox/120.0"
172.16.1.25 - - [15/Jan/2024:08:02:06 +0000] "GET /api/v1/orders HTTP/1.1" 200 8075 "-" "Mozilla/5.0 (Windows NT 10.0; Win64; x64; rv:120.0) Gecko/20100101 Firefox/120.0"
192.168.2.200 - - [15/Jan/2024:08:02:16 +0000] "GET /settings HTTP/1.1" 200 14337 "-" "axios/1.4.0"
172.16.0.50 - - [15/Jan/2024:08:02:25 +0000] "GET /products HTTP/1.1" 200 13067 "-" "Mozilla/5.0 (X11; Linux x86_64; rv:120.0) Gecko/20100101 Firefox/120.0"
172.16.0.50 - - [15/Jan/2024:08:02:36 +0000] "GET /blog/post/3 HTTP/1.1" 200 394 "-" "Mozilla/5.0 (X11; Linux x86_64; rv:120.0) Gecko/20100101 Firefox/120.0"
192.168.2.200 - - [15/Jan/2024:08:02:38 +0000] "GET /faq HTTP/1.1" 200 13924 "-" "axios/1.4.0"
10.0.1.15 - - [15/Jan/2024:08:02:50 +0000] "GET /api/v1/orders HTTP/1.1" 200 15116 "-" "Mozilla/5.0 (iPad; CPU OS 17_0 like Mac OS X) AppleWebKit/605.1.15"
172.16.1.25 - - [15/Jan/2024:08:03:00 +0000] "GET /api/health HTTP/1.1" 200 1698 "-" "Mozilla/5.0 (Windows NT 10.0; Win64; x64; rv:120.0) Gecko/20100101 Firefox/120.0"
10.0.1.15 - - [15/Jan/2024:08:03:02 +0000] "GET /search HTTP/1.1" 200 1771 "-" "Mozilla/5.0 (iPad; CPU OS 17_0 like Mac OS X) AppleWebKit/605.1.15"
172.16.0.50 - - [15/Jan/2024:08:03:13 +0000] "GET /images/logo.png HTTP/1.1" 200 5255 "-" "Mozilla/5.0 (X11; Linux x86_64; rv:120.0) Gecko/20100101 Firefox/120.0"
192.168.1.5 - frank [15/Jan/2024:08:03:21 +0000] "GET /shop HTTP/1.1" 200 4891 "-" "Mozilla/5.0 (Windows NT 10.0; Win64; x64) AppleWebKit/537.36 (KHTML, like Gecko) Chrome/120.0.0.0 Safari/537.36"
192.168.2.200 - - [15/Jan/2024:08:03:23 +0000] "GET /products HTTP/1.1" 200 5627 "-" "axios/1.4.0"
10.20.30.40 - - [15/Jan/2024:08:03:30 +0000] "POST / HTTP/1.1" 200 10127 "-" "Mozilla/5.0 (Windows NT 10.0; Win64; x64) AppleWebKit/537.36"
192.168.3.75 - bob [15/Jan/2024:08:03:36 +0000] "GET /shop/item/2 HTTP/1.1" 200 10704 "-" "Mozilla/5.0 (X11; Ubuntu; Linux x86_64; rv:120.0) Gecko/20100101 Firefox/120.0"
192.168.1.10 - alice [15/Jan/2024:08:03:42 +0000] "GET /shop/item/1 HTTP/1.1" 200 13289 "-" "Mozilla/5.0 (Macintosh; Intel Mac OS X 10_15_7) AppleWebKit/537.36 (KHTML, like Gecko) Chrome/120.0.0.0 Safari/537.36"
172.16.1.25 - - [15/Jan/2024:08:03:53 +0000] "GET /api/health HTTP/1.1" 200 4173 "-" "Mozilla/5.0 (Windows NT 10.0; Win64; x64; rv:120.0) Gecko/20100101 Firefox/120.0"
10.20.30.40 - - [15/Jan/2024:08:03:57 +0000] "POST /shop/cart HTTP/1.1" 200 8089 "-" "Mozilla/5.0 (Windows NT 10.0; Win64; x64) AppleWebKit/537.36"
10.0.0.10 - - [15/Jan/2024:08:04:12 +0000] "GET /faq HTTP/1.1" 200 15210 "-" "Mozilla/5.0 (Macintosh; Intel Mac OS X 10_15_7) AppleWebKit/605.1.15 (KHTML, like Gecko) Version/17.0 Safari/605.1.15"
10.0.0.10 - - [15/Jan/2024:08:04:23 +0000] "GET /search HTTP/1.1" 200 7789 "-" "Mozilla/5.0 (Macintosh; Intel Mac OS X 10_15_7) AppleWebKit/605.1.15 (KHTML, like Gecko) Version/17.0 Safari/605.1.15"
192.168.1.100 - - [15/Jan/2024:08:04:28 +0000] "GET /index.html HTTP/1.1" 200 15851 "-" "Mozilla/5.0 (iPhone; CPU iPhone OS 17_0 like Mac OS X) AppleWebKit/605.1.15"
172.16.1.25 - - [15/Jan/2024:08:04:38 +0000] "GET /blog HTTP/1.1" 200 4752 "-" "Mozilla/5.0 (Windows NT 10.0; Win64; x64; rv:120.0) Gecko/20100101 Firefox/120.0"
10.0.0.10 - - [15/Jan/2024:08:04:42 +0000] "GET /shop/item/2 HTTP/1.1" 200 8912 "-" "Mozilla/5.0 (Macintosh; Intel Mac OS X 10_15_7) AppleWebKit/605.1.15 (KHTML, like Gecko) Version/17.0 Safari/605.1.15"
172.16.0.50 - - [15/Jan/2024:08:04:56 +0000] "GET /robots.txt HTTP/1.1" 200 14746 "-" "Mozilla/5.0 (X11; Linux x86_64; rv:120.0) Gecko/20100101 Firefox/120.0"
10.0.1.15 - - [15/Jan/2024:08:05:10 +0000] "GET /blog HTTP/1.1" 200 13846 "-" "Mozilla/5.0 (iPad; CPU OS 17_0 like Mac OS X) AppleWebKit/605.1.15"
192.168.1.100 - - [15/Jan/2024:08:05:14 +0000] "GET /api/health HTTP/1.1" 200 2714 "-" "Mozilla/5.0 (iPhone; CPU iPhone OS 17_0 like Mac OS X) AppleWebKit/605.1.15"
10.0.1.15 - - [15/Jan/2024:08:05:19 +0000] "POST /shop HTTP/1.1" 200 11890 "-" "Mozilla/5.0 (iPad; CPU OS 17_0 like Mac OS X) AppleWebKit/605.1.15"
10.0.0.10 - - [15/Jan/2024:08:05:20 +0000] "GET /about.html HTTP/1.1" 200 9951 "-" "Mozilla/5.0 (Macintosh; Intel Mac OS X 10_15_7) AppleWebKit/605.1.15 (KHTML, like Gecko) Version/17.0 Safari/605.1.15"
172.16.0.50 - - [15/Jan/2024:08:05:35 +0000] "GET /images/logo.png HTTP/1.1" 200 719 "-" "Mozilla/5.0 (X11; Linux x86_64; rv:120.0) Gecko/20100101 Firefox/120.0"
10.0.0.10 - - [15/Jan/2024:08:05:38 +0000] "GET /home HTTP/1.1" 200 13987 "-" "Mozilla/5.0 (Macintosh; Intel Mac OS X 10_15_7) AppleWebKit/605.1.15 (KHTML, like Gecko) Version/17.0 Safari/605.1.15"
192.168.1.100 - - [15/Jan/2024:08:05:39 +0000] "GET /sitemap.xml HTTP/1.1" 200 12013 "-" "Mozilla/5.0 (iPhone; CPU iPhone OS 17_0 like Mac OS X) AppleWebKit/605.1.15"
192.168.1.5 - frank [15/Jan/2024:08:05:40 +0000] "GET /products HTTP/1.1" 200 762 "-" "Mozilla/5.0 (Windows NT 10.0; Win64; x64) AppleWebKit/537.36 (KHTML, like Gecko) Chrome/120.0.0.0 Safari/537.36"
172.16.1.25 - - [15/Jan/2024:08:05:41 +0000] "GET /shop/checkout HTTP/1.1" 200 2930 "-" "Mozilla/5.0 (Windows NT 10.0; Win64; x64; rv:120.0) Gecko/20100101 Firefox/120.0"
192.168.2.200 - - [15/Jan/2024:08:05:50 +0000] "GET /settings HTTP/1.1" 200 9263 "-" "axios/1.4.0"
192.168.2.200 - - [15/Jan/2024:08:06:00 +0000] "GET /api/v1/orders HTTP/1.1" 200 902 "-" "axios/1.4.0"
172.16.0.50 - - [15/Jan/2024:08:06:10 +0000] "POST /css/style.css HTTP/1.1" 200 1720 "-" "Mozilla/5.0 (X11; Linux x86_64; rv:120.0) Gecko/20100101 Firefox/120.0"
172.16.1.25 - - [15/Jan/2024:08:06:18 +0000] "GET /shop/item/1 HTTP/1.1" 200 1547 "-" "Mozilla/5.0 (Windows NT 10.0; Win64; x64; rv:120.0) Gecko/20100101 Firefox/120.0"
172.16.0.50 - - [15/Jan/2024:08:06:24 +0000] "POST /faq HTTP/1.1" 200 14759 "-" "Mozilla/5.0 (X11; Linux x86_64; rv:120.0) Gecko/20100101 Firefox/120.0"
192.168.3.75 - bob [15/Jan/2024:08:06:38 +0000] "GET /faq HTTP/1.1" 200 7179 "-" "Mozilla/5.0 (X11; Ubuntu; Linux x86_64; rv:120.0) Gecko/20100101 Firefox/120.0"
10.0.1.15 - - [15/Jan/2024:08:06:42 +0000] "GET /blog HTTP/1.1" 200 2321 "-" "Mozilla/5.0 (iPad; CPU OS 17_0 like Mac OS X) AppleWebKit/605.1.15"
10.0.1.15 - - [15/Jan/2024:08:06:52 +0000] "GET /home/profile HTTP/1.1" 200 10939 "-" "Mozilla/5.0 (iPad; CPU OS 17_0 like Mac OS X) AppleWebKit/605.1.15"
192.168.1.10 - alice [15/Jan/2024:08:06:57 +0000] "GET /shop/item/2 HTTP/1.1" 200 9695 "-" "Mozilla/5.0 (Macintosh; Intel Mac OS X 10_15_7) AppleWebKit/537.36 (KHTML, like Gecko) Chrome/120.0.0.0 Safari/537.36"
192.168.1.10 - alice [15/Jan/2024:08:06:58 +0000] "GET /home HTTP/1.1" 200 7654 "-" "Mozilla/5.0 (Macintosh; Intel Mac OS X 10_15_7) AppleWebKit/537.36 (KHTML, like Gecko) Chrome/120.0.0.0 Safari/537.36"
10.20.30.40 - - [15/Jan/2024:08:07:05 +0000] "GET /products HTTP/1.1" 200 15088 "-" "Mozilla/5.0 (Windows NT 10.0; Win64; x64) AppleWebKit/537.36"
192.168.2.200 - - [15/Jan/2024:08:07:11 +0000] "GET /home HTTP/1.1" 200 12726 "-" "axios/1.4.0"
192.168.1.5 - frank [15/Jan/2024:08:07:20 +0000] "GET /blog/post/2 HTTP/1.1" 200 5516 "-" "Mozilla/5.0 (Windows NT 10.0; Win64; x64) AppleWebKit/537.36 (KHTML, like Gecko) Chrome/120.0.0.0 Safari/537.36"
172.16.0.50 - - [15/Jan/2024:08:07:22 +0000] "GET /shop/checkout HTTP/1.1" 200 7129 "-" "Mozilla/5.0 (X11; Linux x86_64; rv:120.0) Gecko/20100101 Firefox/120.0"
192.168.2.200 - - [15/Jan/2024:08:07:33 +0000] "GET /shop/checkout HTTP/1.1" 200 4407 "-" "axios/1.4.0"
10.0.1.15 - - [15/Jan/2024:08:07:44 +0000] "GET /news HTTP/1.1" 200 5691 "-" "Mozilla/5.0 (iPad; CPU OS 17_0 like Mac OS X) AppleWebKit/605.1.15"
192.168.2.200 - - [15/Jan/2024:08:07:58 +0000] "POST /shop/checkout HTTP/1.1" 200 6500 "-" "axios/1.4.0"
172.16.0.50 - - [15/Jan/2024:08:08:04 +0000] "GET / HTTP/1.1" 200 3981 "-" "Mozilla/5.0 (X11; Linux x86_64; rv:120.0) Gecko/20100101 Firefox/120.0"
192.168.1.10 - alice [15/Jan/2024:08:08:09 +0000] "POST /js/app.js HTTP/1.1" 200 426 "-" "Mozilla/5.0 (Macintosh; Intel Mac OS X 10_15_7) AppleWebKit/537.36 (KHTML, like Gecko) Chrome/120.0.0.0 Safari/537.36"
10.0.1.15 - - [15/Jan/2024:08:08:23 +0000] "GET /api/v1/users HTTP/1.1" 200 6245 "-" "Mozilla/5.0 (iPad; CPU OS 17_0 like Mac OS X) AppleWebKit/605.1.15"
192.168.1.100 - - [15/Jan/2024:08:08:24 +0000] "GET /blog/post/2 HTTP/1.1" 200 2186 "-" "Mozilla/5.0 (iPhone; CPU iPhone OS 17_0 like Mac OS X) AppleWebKit/605.1.15"
192.168.3.75 - bob [15/Jan/2024:08:08:30 +0000] "GET /shop/item/3 HTTP/1.1" 200 11477 "-" "Mozilla/5.0 (X11; Ubuntu; Linux x86_64; rv:120.0) Gecko/20100101 Firefox/120.0"
172.16.1.25 - - [15/Jan/2024:08:08:33 +0000] "GET /js/app.js HTTP/1.1" 200 11424 "-" "Mozilla/5.0 (Windows NT 10.0; Win64; x64; rv:120.0) Gecko/20100101 Firefox/120.0"
192.168.1.5 - frank [15/Jan/2024:08:08:47 +0000] "GET /home/profile HTTP/1.1" 200 14836 "-" "Mozilla/5.0 (Windows NT 10.0; Win64; x64) AppleWebKit/537.36 (KHTML, like Gecko) Chrome/120.0.0.0 Safari/537.36"
192.168.2.200 - - [15/Jan/2024:08:08:58 +0000] "GET /products HTTP/1.1" 200 2848 "-" "axios/1.4.0"
192.168.3.75 - bob [15/Jan/2024:08:09:10 +0000] "GET /images/logo.png HTTP/1.1" 200 6480 "-" "Mozilla/5.0 (X11; Ubuntu; Linux x86_64; rv:120.0) Gecko/20100101 Firefox/120.0"
192.168.1.10 - alice [15/Jan/2024:08:09:24 +0000] "GET /faq HTTP/1.1" 200 9726 "-" "Mozilla/5.0 (Macintosh; Intel Mac OS X 10_15_7) AppleWebKit/537.36 (KHTML, like Gecko) Chrome/120.0.0.0 Safari/537.36"
192.168.2.200 - - [15/Jan/2024:08:09:34 +0000] "GET /shop/item/3 HTTP/1.1" 200 15924 "-" "axios/1.4.0"
172.16.0.50 - - [15/Jan/2024:08:09:36 +0000] "GET /blog/post/1 HTTP/1.1" 200 7575 "-" "Mozilla/5.0 (X11; Linux x86_64; rv:120.0) Gecko/20100101 Firefox/120.0"
10.20.30.40 - - [15/Jan/2024:08:09:43 +0000] "POST /shop/item/1 HTTP/1.1" 200 1997 "-" "Mozilla/5.0 (Windows NT 10.0; Win64; x64) AppleWebKit/537.36"
192.168.1.5 - frank [15/Jan/2024:08:09:51 +0000] "GET /shop HTTP/1.1" 200 11122 "-" "Mozilla/5.0 (Windows NT 10.0; Win64; x64) AppleWebKit/537.36 (KHTML, like Gecko) Chrome/120.0.0.0 Safari/537.36"
10.20.30.40 - - [15/Jan/2024:08:10:06 +0000] "POST /shop/checkout HTTP/1.1" 200 3552 "-" "Mozilla/5.0 (Windows NT 10.0; Win64; x64) AppleWebKit/537.36"
192.168.2.200 - - [15/Jan/2024:08:10:11 +0000] "GET /home/profile HTTP/1.1" 200 10353 "-" "axios/1.4.0"
10.0.1.15 - - [15/Jan/2024:08:10:13 +0000] "GET /shop/item/3 HTTP/1.1" 200 4032 "-" "Mozilla/5.0 (iPad; CPU OS 17_0 like Mac OS X) AppleWebKit/605.1.15"
10.0.1.15 - - [15/Jan/2024:08:10:14 +0000] "GET /shop/cart HTTP/1.1" 200 8872 "-" "Mozilla/5.0 (iPad; CPU OS 17_0 like Mac OS X) AppleWebKit/605.1.15"
172.16.1.25 - - [15/Jan/2024:08:10:18 +0000] "GET /robots.txt HTTP/1.1" 200 14456 "-" "Mozilla/5.0 (Windows NT 10.0; Win64; x64; rv:120.0) Gecko/20100101 Firefox/120.0"
10.20.30.40 - - [15/Jan/2024:08:10:26 +0000] "GET /profile HTTP/1.1" 200 2190 "-" "Mozilla/5.0 (Windows NT 10.0; Win64; x64) AppleWebKit/537.36"
192.168.1.5 - frank [15/Jan/2024:08:10:27 +0000] "GET /sitemap.xml HTTP/1.1" 200 13504 "-" "Mozilla/5.0 (Windows NT 10.0; Win64; x64) AppleWebKit/537.36 (KHTML, like Gecko) Chrome/120.0.0.0 Safari/537.36"
172.16.1.25 - - [15/Jan/2024:08:10:36 +0000] "GET /api/health HTTP/1.1" 200 8563 "-" "Mozilla/5.0 (Windows NT 10.0; Win64; x64; rv:120.0) Gecko/20100101 Firefox/120.0"
10.20.30.40 - - [15/Jan/2024:08:10:38 +0000] "GET /blog HTTP/1.1" 200 5933 "-" "Mozilla/5.0 (Windows NT 10.0; Win64; x64) AppleWebKit/537.36"
192.168.2.200 - - [15/Jan/2024:08:10:53 +0000] "GET /profile HTTP/1.1" 200 1510 "-" "axios/1.4.0"
10.0.1.15 - - [15/Jan/2024:08:10:56 +0000] "GET /dashboard HTTP/1.1" 200 12104 "-" "Mozilla/5.0 (iPad; CPU OS 17_0 like Mac OS X) AppleWebKit/605.1.15"
10.0.1.15 - - [15/Jan/2024:08:11:00 +0000] "GET /profile HTTP/1.1" 200 16110 "-" "Mozilla/5.0 (iPad; CPU OS 17_0 like Mac OS X) AppleWebKit/605.1.15"
192.168.1.100 - - [15/Jan/2024:08:11:03 +0000] "GET /api/v1/orders HTTP/1.1" 200 15457 "-" "Mozilla/5.0 (iPhone; CPU iPhone OS 17_0 like Mac OS X) AppleWebKit/605.1.15"
10.20.30.40 - - [15/Jan/2024:08:11:18 +0000] "GET /shop/item/3 HTTP/1.1" 200 6793 "-" "Mozilla/5.0 (Windows NT 10.0; Win64; x64) AppleWebKit/537.36"
172.16.1.25 - - [15/Jan/2024:08:11:19 +0000] "GET /settings HTTP/1.1" 200 8411 "-" "Mozilla/5.0 (Windows NT 10.0; Win64; x64; rv:120.0) Gecko/20100101 Firefox/120.0"
192.168.1.10 - alice [15/Jan/2024:08:11:30 +0000] "GET /home HTTP/1.1" 200 4847 "-" "Mozilla/5.0 (Macintosh; Intel Mac OS X 10_15_7) AppleWebKit/537.36 (KHTML, like Gecko) Chrome/120.0.0.0 Safari/537.36"
192.168.2.200 - - [15/Jan/2024:08:11:44 +0000] "GET /dashboard HTTP/1.1" 200 9090 "-" "axios/1.4.0"
192.168.1.10 - alice [15/Jan/2024:08:11:48 +0000] "POST /shop/checkout HTTP/1.1" 200 14092 "-" "Mozilla/5.0 (Macintosh; Intel Mac OS X 10_15_7) AppleWebKit/537.36 (KHTML, like Gecko) Chrome/120.0.0.0 Safari/537.36"
10.20.30.40 - - [15/Jan/2024:08:11:49 +0000] "GET /shop/item/3 HTTP/1.1" 200 10155 "-" "Mozilla/5.0 (Windows NT 10.0; Win64; x64) AppleWebKit/537.36"
192.168.1.10 - alice [15/Jan/2024:08:11:56 +0000] "GET /api/v1/users HTTP/1.1" 200 6468 "-" "Mozilla/5.0 (Macintosh; Intel Mac OS X 10_15_7) AppleWebKit/537.36 (KHTML, like Gecko) Chrome/120.0.0.0 Safari/537.36"
10.20.30.40 - - [15/Jan/2024:08:12:05 +0000] "GET /css/style.css HTTP/1.1" 200 11146 "-" "Mozilla/5.0 (Windows NT 10.0; Win64; x64) AppleWebKit/537.36"
10.0.0.10 - - [15/Jan/2024:08:12:06 +0000] "GET /blog/post/1 HTTP/1.1" 200 16245 "-" "Mozilla/5.0 (Macintosh; Intel Mac OS X 10_15_7) AppleWebKit/605.1.15 (KHTML, like Gecko) Version/17.0 Safari/605.1.15"
192.168.2.200 - - [15/Jan/2024:08:12:11 +0000] "GET /shop/item/1 HTTP/1.1" 200 9070 "-" "axios/1.4.0"
10.20.30.40 - - [15/Jan/2024:08:12:15 +0000] "GET /robots.txt HTTP/1.1" 200 12480 "-" "Mozilla/5.0 (Windows NT 10.0; Win64; x64) AppleWebKit/537.36"
185.234.219.75 - - [15/Jan/2024:10:02:01 +0000] "POST /login HTTP/1.1" 401 234 "-" "python-requests/2.28.0"
185.234.219.75 - - [15/Jan/2024:10:02:02 +0000] "POST /login HTTP/1.1" 401 234 "-" "python-requests/2.28.0"
185.234.219.75 - - [15/Jan/2024:10:02:03 +0000] "POST /login HTTP/1.1" 401 234 "-" "python-requests/2.28.0"
185.234.219.75 - - [15/Jan/2024:10:02:04 +0000] "POST /login HTTP/1.1" 401 234 "-" "python-requests/2.28.0"
185.234.219.75 - - [15/Jan/2024:10:02:05 +0000] "POST /login HTTP/1.1" 401 234 "-" "python-requests/2.28.0"
185.234.219.75 - - [15/Jan/2024:10:02:06 +0000] "POST /login HTTP/1.1" 401 234 "-" "python-requests/2.28.0"
185.234.219.75 - - [15/Jan/2024:10:02:06 +0000] "POST /login HTTP/1.1" 401 234 "-" "python-requests/2.28.0"
185.234.219.75 - - [15/Jan/2024:10:02:07 +0000] "POST /login HTTP/1.1" 401 234 "-" "python-requests/2.28.0"
185.234.219.75 - - [15/Jan/2024:10:02:08 +0000] "POST /login HTTP/1.1" 401 234 "-" "python-requests/2.28.0"
185.234.219.75 - - [15/Jan/2024:10:02:10 +0000] "POST /login HTTP/1.1" 401 234 "-" "python-requests/2.28.0"
185.234.219.75 - - [15/Jan/2024:10:02:11 +0000] "POST /login HTTP/1.1" 401 234 "-" "python-requests/2.28.0"
185.234.219.75 - - [15/Jan/2024:10:02:12 +0000] "POST /login HTTP/1.1" 401 234 "-" "python-requests/2.28.0"
185.234.219.75 - - [15/Jan/2024:10:02:13 +0000] "POST /login HTTP/1.1" 401 234 "-" "python-requests/2.28.0"
185.234.219.75 - - [15/Jan/2024:10:02:14 +0000] "POST /login HTTP/1.1" 401 234 "-" "python-requests/2.28.0"
185.234.219.75 - - [15/Jan/2024:10:02:15 +0000] "POST /login HTTP/1.1" 401 234 "-" "python-requests/2.28.0"
185.234.219.75 - - [15/Jan/2024:10:02:16 +0000] "POST /login HTTP/1.1" 401 234 "-" "python-requests/2.28.0"
185.234.219.75 - - [15/Jan/2024:10:02:17 +0000] "POST /login HTTP/1.1" 401 234 "-" "python-requests/2.28.0"
185.234.219.75 - - [15/Jan/2024:10:02:19 +0000] "POST /login HTTP/1.1" 401 234 "-" "python-requests/2.28.0"
185.234.219.75 - - [15/Jan/2024:10:02:20 +0000] "POST /login HTTP/1.1" 401 234 "-" "python-requests/2.28.0"
185.234.219.75 - - [15/Jan/2024:10:02:21 +0000] "POST /login HTTP/1.1" 401 234 "-" "python-requests/2.28.0"
185.234.219.75 - - [15/Jan/2024:10:02:22 +0000] "POST /login HTTP/1.1" 401 234 "-" "python-requests/2.28.0"
185.234.219.75 - - [15/Jan/2024:10:02:23 +0000] "POST /login HTTP/1.1" 401 234 "-" "python-requests/2.28.0"
185.234.219.75 - - [15/Jan/2024:10:02:23 +0000] "POST /login HTTP/1.1" 401 234 "-" "python-requests/2.28.0"
185.234.219.75 - - [15/Jan/2024:10:02:24 +0000] "POST /login HTTP/1.1" 401 234 "-" "python-requests/2.28.0"
185.234.219.75 - - [15/Jan/2024:10:02:25 +0000] "POST /login HTTP/1.1" 401 234 "-" "python-requests/2.28.0"
185.234.219.75 - - [15/Jan/2024:10:02:26 +0000] "POST /login HTTP/1.1" 401 234 "-" "python-requests/2.28.0"
185.234.219.75 - - [15/Jan/2024:10:02:27 +0000] "POST /login HTTP/1.1" 401 234 "-" "python-requests/2.28.0"
185.234.219.75 - - [15/Jan/2024:10:02:28 +0000] "POST /login HTTP/1.1" 401 234 "-" "python-requests/2.28.0"
185.234.219.75 - - [15/Jan/2024:10:02:29 +0000] "POST /login HTTP/1.1" 401 234 "-" "python-requests/2.28.0"
185.234.219.75 - - [15/Jan/2024:10:02:30 +0000] "POST /login HTTP/1.1" 401 234 "-" "python-requests/2.28.0"
185.234.219.75 - - [15/Jan/2024:10:02:31 +0000] "POST /login HTTP/1.1" 401 234 "-" "python-requests/2.28.0"
185.234.219.75 - - [15/Jan/2024:10:02:32 +0000] "POST /login HTTP/1.1" 401 234 "-" "python-requests/2.28.0"
185.234.219.75 - - [15/Jan/2024:10:02:33 +0000] "POST /login HTTP/1.1" 401 234 "-" "python-requests/2.28.0"
185.234.219.75 - - [15/Jan/2024:10:02:34 +0000] "POST /login HTTP/1.1" 401 234 "-" "python-requests/2.28.0"
185.234.219.75 - - [15/Jan/2024:10:02:35 +0000] "POST /login HTTP/1.1" 401 234 "-" "python-requests/2.28.0"
185.234.219.75 - - [15/Jan/2024:10:02:36 +0000] "POST /login HTTP/1.1" 401 234 "-" "python-requests/2.28.0"
185.234.219.75 - - [15/Jan/2024:10:02:37 +0000] "POST /login HTTP/1.1" 401 234 "-" "python-requests/2.28.0"
185.234.219.75 - - [15/Jan/2024:10:02:38 +0000] "POST /login HTTP/1.1" 401 234 "-" "python-requests/2.28.0"
185.234.219.75 - - [15/Jan/2024:10:02:39 +0000] "POST /login HTTP/1.1" 401 234 "-" "python-requests/2.28.0"
185.234.219.75 - - [15/Jan/2024:10:02:40 +0000] "POST /login HTTP/1.1" 401 234 "-" "python-requests/2.28.0"
185.234.219.75 - - [15/Jan/2024:10:02:41 +0000] "POST /login HTTP/1.1" 401 234 "-" "python-requests/2.28.0"
185.234.219.75 - - [15/Jan/2024:10:02:42 +0000] "POST /login HTTP/1.1" 401 234 "-" "python-requests/2.28.0"
185.234.219.75 - - [15/Jan/2024:10:02:44 +0000] "POST /login HTTP/1.1" 401 234 "-" "python-requests/2.28.0"
185.234.219.75 - - [15/Jan/2024:10:02:44 +0000] "POST /login HTTP/1.1" 401 234 "-" "python-requests/2.28.0"
185.234.219.75 - - [15/Jan/2024:10:02:45 +0000] "POST /login HTTP/1.1" 401 234 "-" "python-requests/2.28.0"
185.234.219.75 - - [15/Jan/2024:10:02:46 +0000] "POST /api/auth HTTP/1.1" 403 178 "-" "python-requests/2.28.0"
185.234.219.75 - - [15/Jan/2024:10:02:46 +0000] "POST /api/auth HTTP/1.1" 403 178 "-" "python-requests/2.28.0"
185.234.219.75 - - [15/Jan/2024:10:02:47 +0000] "POST /api/auth HTTP/1.1" 403 178 "-" "python-requests/2.28.0"
185.234.219.75 - - [15/Jan/2024:10:02:47 +0000] "POST /api/auth HTTP/1.1" 403 178 "-" "python-requests/2.28.0"
185.234.219.75 - - [15/Jan/2024:10:02:48 +0000] "POST /api/auth HTTP/1.1" 403 178 "-" "python-requests/2.28.0"
185.234.219.75 - - [15/Jan/2024:10:02:48 +0000] "POST /api/auth HTTP/1.1" 403 178 "-" "python-requests/2.28.0"
185.234.219.75 - - [15/Jan/2024:10:02:49 +0000] "POST /api/auth HTTP/1.1" 403 178 "-" "python-requests/2.28.0"
185.234.219.75 - - [15/Jan/2024:10:02:50 +0000] "POST /api/auth HTTP/1.1" 403 178 "-" "python-requests/2.28.0"
185.234.219.75 - - [15/Jan/2024:10:02:51 +0000] "POST /api/auth HTTP/1.1" 403 178 "-" "python-requests/2.28.0"
185.234.219.75 - - [15/Jan/2024:10:02:52 +0000] "POST /api/auth HTTP/1.1" 403 178 "-" "python-requests/2.28.0"
10.0.0.10 - - [15/Jan/2024:10:10:05 +0000] "GET /index.html HTTP/1.1" 200 3323 "-" "Mozilla/5.0 (Macintosh; Intel Mac OS X 10_15_7) AppleWebKit/605.1.15 (KHTML, like Gecko) Version/17.0 Safari/605.1.15"
10.0.1.15 - - [15/Jan/2024:10:10:19 +0000] "GET /api/data HTTP/1.1" 200 9578 "-" "Mozilla/5.0 (iPad; CPU OS 17_0 like Mac OS X) AppleWebKit/605.1.15"
192.168.1.5 - frank [15/Jan/2024:10:10:30 +0000] "GET /faq HTTP/1.1" 200 15068 "-" "Mozilla/5.0 (Windows NT 10.0; Win64; x64) AppleWebKit/537.36 (KHTML, like Gecko) Chrome/120.0.0.0 Safari/537.36"
10.0.0.10 - - [15/Jan/2024:10:10:45 +0000] "POST /api/health HTTP/1.1" 200 13570 "-" "Mozilla/5.0 (Macintosh; Intel Mac OS X 10_15_7) AppleWebKit/605.1.15 (KHTML, like Gecko) Version/17.0 Safari/605.1.15"
172.16.0.50 - - [15/Jan/2024:10:10:51 +0000] "POST /shop/checkout HTTP/1.1" 200 9675 "-" "Mozilla/5.0 (X11; Linux x86_64; rv:120.0) Gecko/20100101 Firefox/120.0"
192.168.1.100 - - [15/Jan/2024:10:11:03 +0000] "POST /shop/item/2 HTTP/1.1" 200 11413 "-" "Mozilla/5.0 (iPhone; CPU iPhone OS 17_0 like Mac OS X) AppleWebKit/605.1.15"
192.168.1.5 - frank [15/Jan/2024:10:11:20 +0000] "GET /api/health HTTP/1.1" 200 11320 "-" "Mozilla/5.0 (Windows NT 10.0; Win64; x64) AppleWebKit/537.36 (KHTML, like Gecko) Chrome/120.0.0.0 Safari/537.36"
10.0.1.15 - - [15/Jan/2024:10:11:24 +0000] "GET /home HTTP/1.1" 200 7321 "-" "Mozilla/5.0 (iPad; CPU OS 17_0 like Mac OS X) AppleWebKit/605.1.15"
172.16.0.50 - - [15/Jan/2024:10:11:34 +0000] "GET /blog/post/2 HTTP/1.1" 200 8862 "-" "Mozilla/5.0 (X11; Linux x86_64; rv:120.0) Gecko/20100101 Firefox/120.0"
10.0.0.10 - - [15/Jan/2024:10:11:39 +0000] "GET /home HTTP/1.1" 200 15170 "-" "Mozilla/5.0 (Macintosh; Intel Mac OS X 10_15_7) AppleWebKit/605.1.15 (KHTML, like Gecko) Version/17.0 Safari/605.1.15"
172.16.1.25 - - [15/Jan/2024:10:11:45 +0000] "GET /news HTTP/1.1" 200 16338 "-" "Mozilla/5.0 (Windows NT 10.0; Win64; x64; rv:120.0) Gecko/20100101 Firefox/120.0"
192.168.3.75 - bob [15/Jan/2024:10:12:03 +0000] "GET /blog/post/2 HTTP/1.1" 200 14294 "-" "Mozilla/5.0 (X11; Ubuntu; Linux x86_64; rv:120.0) Gecko/20100101 Firefox/120.0"
172.16.1.25 - - [15/Jan/2024:10:12:14 +0000] "GET /settings HTTP/1.1" 200 14392 "-" "Mozilla/5.0 (Windows NT 10.0; Win64; x64; rv:120.0) Gecko/20100101 Firefox/120.0"
192.168.1.5 - frank [15/Jan/2024:10:12:21 +0000] "GET /about.html HTTP/1.1" 200 4715 "-" "Mozilla/5.0 (Windows NT 10.0; Win64; x64) AppleWebKit/537.36 (KHTML, like Gecko) Chrome/120.0.0.0 Safari/537.36"
192.168.1.5 - frank [15/Jan/2024:10:12:23 +0000] "GET /index.html HTTP/1.1" 200 9464 "-" "Mozilla/5.0 (Windows NT 10.0; Win64; x64) AppleWebKit/537.36 (KHTML, like Gecko) Chrome/120.0.0.0 Safari/537.36"
10.20.30.40 - - [15/Jan/2024:10:12:40 +0000] "GET /blog HTTP/1.1" 200 11886 "-" "Mozilla/5.0 (Windows NT 10.0; Win64; x64) AppleWebKit/537.36"
172.16.1.25 - - [15/Jan/2024:10:12:43 +0000] "GET /api/v1/orders HTTP/1.1" 200 5956 "-" "Mozilla/5.0 (Windows NT 10.0; Win64; x64; rv:120.0) Gecko/20100101 Firefox/120.0"
10.20.30.40 - - [15/Jan/2024:10:12:54 +0000] "GET /shop HTTP/1.1" 200 3191 "-" "Mozilla/5.0 (Windows NT 10.0; Win64; x64) AppleWebKit/537.36"
192.168.2.200 - - [15/Jan/2024:10:12:56 +0000] "GET /api/data HTTP/1.1" 200 5047 "-" "axios/1.4.0"
172.16.1.25 - - [15/Jan/2024:10:13:05 +0000] "GET /api/v1/users HTTP/1.1" 200 970 "-" "Mozilla/5.0 (Windows NT 10.0; Win64; x64; rv:120.0) Gecko/20100101 Firefox/120.0"
10.0.1.15 - - [15/Jan/2024:10:13:16 +0000] "POST /products HTTP/1.1" 200 7342 "-" "Mozilla/5.0 (iPad; CPU OS 17_0 like Mac OS X) AppleWebKit/605.1.15"
192.168.1.10 - alice [15/Jan/2024:10:13:23 +0000] "GET /shop/item/2 HTTP/1.1" 200 9311 "-" "Mozilla/5.0 (Macintosh; Intel Mac OS X 10_15_7) AppleWebKit/537.36 (KHTML, like Gecko) Chrome/120.0.0.0 Safari/537.36"
172.16.0.50 - - [15/Jan/2024:10:13:40 +0000] "GET /blog/post/2 HTTP/1.1" 200 16115 "-" "Mozilla/5.0 (X11; Linux x86_64; rv:120.0) Gecko/20100101 Firefox/120.0"
172.16.1.25 - - [15/Jan/2024:10:13:46 +0000] "GET /faq HTTP/1.1" 200 11725 "-" "Mozilla/5.0 (Windows NT 10.0; Win64; x64; rv:120.0) Gecko/20100101 Firefox/120.0"
192.168.2.200 - - [15/Jan/2024:10:14:06 +0000] "GET /js/app.js HTTP/1.1" 200 11410 "-" "axios/1.4.0"
172.16.1.25 - - [15/Jan/2024:10:14:26 +0000] "GET /blog HTTP/1.1" 200 9596 "-" "Mozilla/5.0 (Windows NT 10.0; Win64; x64; rv:120.0) Gecko/20100101 Firefox/120.0"
192.168.2.200 - - [15/Jan/2024:10:14:34 +0000] "GET /faq HTTP/1.1" 200 13639 "-" "axios/1.4.0"
172.16.0.50 - - [15/Jan/2024:10:14:47 +0000] "GET /js/app.js HTTP/1.1" 200 5903 "-" "Mozilla/5.0 (X11; Linux x86_64; rv:120.0) Gecko/20100101 Firefox/120.0"
192.168.1.100 - - [15/Jan/2024:10:14:50 +0000] "GET /search HTTP/1.1" 200 1914 "-" "Mozilla/5.0 (iPhone; CPU iPhone OS 17_0 like Mac OS X) AppleWebKit/605.1.15"
10.20.30.40 - - [15/Jan/2024:10:15:09 +0000] "GET /css/style.css HTTP/1.1" 200 1247 "-" "Mozilla/5.0 (Windows NT 10.0; Win64; x64) AppleWebKit/537.36"
192.168.3.75 - bob [15/Jan/2024:10:15:23 +0000] "GET /shop/item/1 HTTP/1.1" 200 2753 "-" "Mozilla/5.0 (X11; Ubuntu; Linux x86_64; rv:120.0) Gecko/20100101 Firefox/120.0"
172.16.0.50 - - [15/Jan/2024:10:15:41 +0000] "GET /robots.txt HTTP/1.1" 200 15854 "-" "Mozilla/5.0 (X11; Linux x86_64; rv:120.0) Gecko/20100101 Firefox/120.0"
10.20.30.40 - - [15/Jan/2024:10:15:50 +0000] "GET /profile HTTP/1.1" 200 14732 "-" "Mozilla/5.0 (Windows NT 10.0; Win64; x64) AppleWebKit/537.36"
192.168.3.75 - bob [15/Jan/2024:10:16:08 +0000] "GET /faq HTTP/1.1" 200 10948 "-" "Mozilla/5.0 (X11; Ubuntu; Linux x86_64; rv:120.0) Gecko/20100101 Firefox/120.0"
192.168.1.5 - frank [15/Jan/2024:10:16:26 +0000] "GET / HTTP/1.1" 200 4014 "-" "Mozilla/5.0 (Windows NT 10.0; Win64; x64) AppleWebKit/537.36 (KHTML, like Gecko) Chrome/120.0.0.0 Safari/537.36"
10.20.30.40 - - [15/Jan/2024:10:16:32 +0000] "GET /settings HTTP/1.1" 200 15132 "-" "Mozilla/5.0 (Windows NT 10.0; Win64; x64) AppleWebKit/537.36"
192.168.3.75 - bob [15/Jan/2024:10:16:34 +0000] "GET /home/profile HTTP/1.1" 200 2082 "-" "Mozilla/5.0 (X11; Ubuntu; Linux x86_64; rv:120.0) Gecko/20100101 Firefox/120.0"
192.168.2.200 - - [15/Jan/2024:10:16:51 +0000] "GET /api/health HTTP/1.1" 200 13041 "-" "axios/1.4.0"
192.168.2.200 - - [15/Jan/2024:10:16:56 +0000] "GET /shop HTTP/1.1" 200 3425 "-" "axios/1.4.0"
10.0.1.15 - - [15/Jan/2024:10:16:58 +0000] "GET /shop/item/2 HTTP/1.1" 200 6085 "-" "Mozilla/5.0 (iPad; CPU OS 17_0 like Mac OS X) AppleWebKit/605.1.15"
192.168.3.75 - bob [15/Jan/2024:10:17:15 +0000] "GET /images/logo.png HTTP/1.1" 200 7342 "-" "Mozilla/5.0 (X11; Ubuntu; Linux x86_64; rv:120.0) Gecko/20100101 Firefox/120.0"
172.16.0.50 - - [15/Jan/2024:10:17:31 +0000] "GET /settings HTTP/1.1" 200 10892 "-" "Mozilla/5.0 (X11; Linux x86_64; rv:120.0) Gecko/20100101 Firefox/120.0"
192.168.2.200 - - [15/Jan/2024:10:17:46 +0000] "GET /js/app.js HTTP/1.1" 200 16300 "-" "axios/1.4.0"
172.16.1.25 - - [15/Jan/2024:10:17:52 +0000] "GET /home HTTP/1.1" 200 15263 "-" "Mozilla/5.0 (Windows NT 10.0; Win64; x64; rv:120.0) Gecko/20100101 Firefox/120.0"
10.20.30.40 - - [15/Jan/2024:10:18:04 +0000] "GET /dashboard HTTP/1.1" 200 3251 "-" "Mozilla/5.0 (Windows NT 10.0; Win64; x64) AppleWebKit/537.36"
192.168.1.100 - - [15/Jan/2024:10:18:06 +0000] "GET /robots.txt HTTP/1.1" 200 9285 "-" "Mozilla/5.0 (iPhone; CPU iPhone OS 17_0 like Mac OS X) AppleWebKit/605.1.15"
10.20.30.40 - - [15/Jan/2024:10:18:25 +0000] "GET /news HTTP/1.1" 200 8503 "-" "Mozilla/5.0 (Windows NT 10.0; Win64; x64) AppleWebKit/537.36"
192.168.2.200 - - [15/Jan/2024:10:18:40 +0000] "GET /sitemap.xml HTTP/1.1" 200 5125 "-" "axios/1.4.0"
10.0.0.10 - - [15/Jan/2024:10:18:55 +0000] "GET /api/v1/users HTTP/1.1" 200 10069 "-" "Mozilla/5.0 (Macintosh; Intel Mac OS X 10_15_7) AppleWebKit/605.1.15 (KHTML, like Gecko) Version/17.0 Safari/605.1.15"
172.16.0.50 - - [15/Jan/2024:10:18:57 +0000] "GET /api/v1/users HTTP/1.1" 200 11845 "-" "Mozilla/5.0 (X11; Linux x86_64; rv:120.0) Gecko/20100101 Firefox/120.0"
192.168.2.200 - - [15/Jan/2024:10:19:12 +0000] "GET /news HTTP/1.1" 200 2980 "-" "axios/1.4.0"
192.168.1.100 - - [15/Jan/2024:10:19:22 +0000] "GET /robots.txt HTTP/1.1" 200 1010 "-" "Mozilla/5.0 (iPhone; CPU iPhone OS 17_0 like Mac OS X) AppleWebKit/605.1.15"
192.168.1.100 - - [15/Jan/2024:10:19:31 +0000] "GET /blog/post/2 HTTP/1.1" 200 14024 "-" "Mozilla/5.0 (iPhone; CPU iPhone OS 17_0 like Mac OS X) AppleWebKit/605.1.15"
192.168.1.5 - frank [15/Jan/2024:10:19:41 +0000] "GET /shop/cart HTTP/1.1" 200 15175 "-" "Mozilla/5.0 (Windows NT 10.0; Win64; x64) AppleWebKit/537.36 (KHTML, like Gecko) Chrome/120.0.0.0 Safari/537.36"
192.168.3.75 - bob [15/Jan/2024:10:19:54 +0000] "GET /blog/post/1 HTTP/1.1" 200 14095 "-" "Mozilla/5.0 (X11; Ubuntu; Linux x86_64; rv:120.0) Gecko/20100101 Firefox/120.0"
10.20.30.40 - - [15/Jan/2024:10:20:04 +0000] "POST /blog/post/2 HTTP/1.1" 200 2836 "-" "Mozilla/5.0 (Windows NT 10.0; Win64; x64) AppleWebKit/537.36"
192.168.2.200 - - [15/Jan/2024:10:20:08 +0000] "GET / HTTP/1.1" 200 14945 "-" "axios/1.4.0"
192.168.1.5 - frank [15/Jan/2024:10:20:22 +0000] "POST /api/data HTTP/1.1" 200 10251 "-" "Mozilla/5.0 (Windows NT 10.0; Win64; x64) AppleWebKit/537.36 (KHTML, like Gecko) Chrome/120.0.0.0 Safari/537.36"
192.168.1.5 - frank [15/Jan/2024:10:20:39 +0000] "GET /api/v1/orders HTTP/1.1" 200 555 "-" "Mozilla/5.0 (Windows NT 10.0; Win64; x64) AppleWebKit/537.36 (KHTML, like Gecko) Chrome/120.0.0.0 Safari/537.36"
192.168.2.200 - - [15/Jan/2024:10:20:50 +0000] "GET /home/profile HTTP/1.1" 200 5461 "-" "axios/1.4.0"
77.247.181.162 - - [15/Jan/2024:10:30:01 +0000] "POST /login HTTP/1.1" 401 234 "-" "curl/7.88.1"
77.247.181.162 - - [15/Jan/2024:10:30:03 +0000] "POST /admin/login HTTP/1.1" 403 234 "-" "curl/7.88.1"
77.247.181.162 - - [15/Jan/2024:10:30:05 +0000] "POST /login HTTP/1.1" 403 234 "-" "curl/7.88.1"
77.247.181.162 - - [15/Jan/2024:10:30:07 +0000] "POST /wp-login.php HTTP/1.1" 403 234 "-" "curl/7.88.1"
77.247.181.162 - - [15/Jan/2024:10:30:08 +0000] "POST /login HTTP/1.1" 403 234 "-" "curl/7.88.1"
77.247.181.162 - - [15/Jan/2024:10:30:09 +0000] "POST /login HTTP/1.1" 403 234 "-" "curl/7.88.1"
77.247.181.162 - - [15/Jan/2024:10:30:11 +0000] "POST /wp-login.php HTTP/1.1" 403 234 "-" "curl/7.88.1"
77.247.181.162 - - [15/Jan/2024:10:30:12 +0000] "POST /login HTTP/1.1" 403 234 "-" "curl/7.88.1"
77.247.181.162 - - [15/Jan/2024:10:30:13 +0000] "POST /api/token HTTP/1.1" 401 234 "-" "curl/7.88.1"
77.247.181.162 - - [15/Jan/2024:10:30:14 +0000] "POST /admin/login HTTP/1.1" 403 234 "-" "curl/7.88.1"
77.247.181.162 - - [15/Jan/2024:10:30:15 +0000] "POST /wp-login.php HTTP/1.1" 401 234 "-" "curl/7.88.1"
77.247.181.162 - - [15/Jan/2024:10:30:17 +0000] "POST /api/token HTTP/1.1" 401 234 "-" "curl/7.88.1"
77.247.181.162 - - [15/Jan/2024:10:30:18 +0000] "POST /admin/login HTTP/1.1" 401 234 "-" "curl/7.88.1"
77.247.181.162 - - [15/Jan/2024:10:30:20 +0000] "POST /wp-login.php HTTP/1.1" 403 234 "-" "curl/7.88.1"
77.247.181.162 - - [15/Jan/2024:10:30:22 +0000] "POST /wp-login.php HTTP/1.1" 401 234 "-" "curl/7.88.1"
77.247.181.162 - - [15/Jan/2024:10:30:22 +0000] "POST /login HTTP/1.1" 401 234 "-" "curl/7.88.1"
77.247.181.162 - - [15/Jan/2024:10:30:24 +0000] "POST /api/token HTTP/1.1" 403 234 "-" "curl/7.88.1"
77.247.181.162 - - [15/Jan/2024:10:30:25 +0000] "POST /wp-login.php HTTP/1.1" 401 234 "-" "curl/7.88.1"
77.247.181.162 - - [15/Jan/2024:10:30:26 +0000] "POST /api/token HTTP/1.1" 403 234 "-" "curl/7.88.1"
77.247.181.162 - - [15/Jan/2024:10:30:27 +0000] "POST /login HTTP/1.1" 403 234 "-" "curl/7.88.1"
77.247.181.162 - - [15/Jan/2024:10:30:29 +0000] "POST /admin/login HTTP/1.1" 403 234 "-" "curl/7.88.1"
77.247.181.162 - - [15/Jan/2024:10:30:31 +0000] "POST /login HTTP/1.1" 403 234 "-" "curl/7.88.1"
77.247.181.162 - - [15/Jan/2024:10:30:31 +0000] "POST /api/token HTTP/1.1" 401 234 "-" "curl/7.88.1"
77.247.181.162 - - [15/Jan/2024:10:30:32 +0000] "POST /admin/login HTTP/1.1" 403 234 "-" "curl/7.88.1"
77.247.181.162 - - [15/Jan/2024:10:30:33 +0000] "POST /login HTTP/1.1" 403 234 "-" "curl/7.88.1"
77.247.181.162 - - [15/Jan/2024:10:30:34 +0000] "POST /api/token HTTP/1.1" 401 234 "-" "curl/7.88.1"
77.247.181.162 - - [15/Jan/2024:10:30:35 +0000] "POST /api/token HTTP/1.1" 401 234 "-" "curl/7.88.1"
77.247.181.162 - - [15/Jan/2024:10:30:37 +0000] "POST /login HTTP/1.1" 401 234 "-" "curl/7.88.1"
77.247.181.162 - - [15/Jan/2024:10:30:37 +0000] "POST /api/token HTTP/1.1" 401 234 "-" "curl/7.88.1"
77.247.181.162 - - [15/Jan/2024:10:30:39 +0000] "POST /admin/login HTTP/1.1" 401 234 "-" "curl/7.88.1"
77.247.181.162 - - [15/Jan/2024:10:30:41 +0000] "POST /login HTTP/1.1" 403 234 "-" "curl/7.88.1"
77.247.181.162 - - [15/Jan/2024:10:30:42 +0000] "POST /api/token HTTP/1.1" 401 234 "-" "curl/7.88.1"
77.247.181.162 - - [15/Jan/2024:10:30:43 +0000] "POST /api/token HTTP/1.1" 403 234 "-" "curl/7.88.1"
77.247.181.162 - - [15/Jan/2024:10:30:45 +0000] "POST /admin/login HTTP/1.1" 403 234 "-" "curl/7.88.1"
77.247.181.162 - - [15/Jan/2024:10:30:46 +0000] "POST /api/token HTTP/1.1" 401 234 "-" "curl/7.88.1"
172.16.0.50 - - [15/Jan/2024:11:00:09 +0000] "POST /home HTTP/1.1" 200 14952 "-" "Mozilla/5.0 (X11; Linux x86_64; rv:120.0) Gecko/20100101 Firefox/120.0"
10.20.30.40 - - [15/Jan/2024:11:00:21 +0000] "GET /api/data HTTP/1.1" 200 9265 "-" "Mozilla/5.0 (Windows NT 10.0; Win64; x64) AppleWebKit/537.36"
10.0.1.15 - - [15/Jan/2024:11:00:29 +0000] "GET /blog/post/3 HTTP/1.1" 200 12178 "-" "Mozilla/5.0 (iPad; CPU OS 17_0 like Mac OS X) AppleWebKit/605.1.15"
192.168.1.5 - frank [15/Jan/2024:11:00:37 +0000] "POST /blog HTTP/1.1" 200 1267 "-" "Mozilla/5.0 (Windows NT 10.0; Win64; x64) AppleWebKit/537.36 (KHTML, like Gecko) Chrome/120.0.0.0 Safari/537.36"
172.16.0.50 - - [15/Jan/2024:11:00:49 +0000] "GET /shop HTTP/1.1" 200 6284 "-" "Mozilla/5.0 (X11; Linux x86_64; rv:120.0) Gecko/20100101 Firefox/120.0"
172.16.1.25 - - [15/Jan/2024:11:00:56 +0000] "GET /shop HTTP/1.1" 200 10434 "-" "Mozilla/5.0 (Windows NT 10.0; Win64; x64; rv:120.0) Gecko/20100101 Firefox/120.0"
192.168.2.200 - - [15/Jan/2024:11:00:58 +0000] "GET /dashboard HTTP/1.1" 200 2891 "-" "axios/1.4.0"
192.168.3.75 - bob [15/Jan/2024:11:01:06 +0000] "GET /shop/cart HTTP/1.1" 200 3213 "-" "Mozilla/5.0 (X11; Ubuntu; Linux x86_64; rv:120.0) Gecko/20100101 Firefox/120.0"
192.168.1.5 - frank [15/Jan/2024:11:01:10 +0000] "GET /products HTTP/1.1" 200 8130 "-" "Mozilla/5.0 (Windows NT 10.0; Win64; x64) AppleWebKit/537.36 (KHTML, like Gecko) Chrome/120.0.0.0 Safari/537.36"
192.168.2.200 - - [15/Jan/2024:11:01:20 +0000] "GET /contact HTTP/1.1" 200 15034 "-" "axios/1.4.0"
192.168.1.100 - - [15/Jan/2024:11:01:25 +0000] "GET /blog/post/2 HTTP/1.1" 200 13434 "-" "Mozilla/5.0 (iPhone; CPU iPhone OS 17_0 like Mac OS X) AppleWebKit/605.1.15"
172.16.1.25 - - [15/Jan/2024:11:01:31 +0000] "GET /shop/checkout HTTP/1.1" 200 2042 "-" "Mozilla/5.0 (Windows NT 10.0; Win64; x64; rv:120.0) Gecko/20100101 Firefox/120.0"
192.168.2.200 - - [15/Jan/2024:11:01:39 +0000] "GET / HTTP/1.1" 200 4314 "-" "axios/1.4.0"
172.16.1.25 - - [15/Jan/2024:11:01:47 +0000] "POST /home HTTP/1.1" 200 2321 "-" "Mozilla/5.0 (Windows NT 10.0; Win64; x64; rv:120.0) Gecko/20100101 Firefox/120.0"
192.168.1.5 - frank [15/Jan/2024:11:01:49 +0000] "GET /js/app.js HTTP/1.1" 200 842 "-" "Mozilla/5.0 (Windows NT 10.0; Win64; x64) AppleWebKit/537.36 (KHTML, like Gecko) Chrome/120.0.0.0 Safari/537.36"
192.168.1.10 - alice [15/Jan/2024:11:01:51 +0000] "GET /shop/item/3 HTTP/1.1" 200 12331 "-" "Mozilla/5.0 (Macintosh; Intel Mac OS X 10_15_7) AppleWebKit/537.36 (KHTML, like Gecko) Chrome/120.0.0.0 Safari/537.36"
192.168.1.5 - frank [15/Jan/2024:11:01:55 +0000] "GET /dashboard HTTP/1.1" 200 7056 "-" "Mozilla/5.0 (Windows NT 10.0; Win64; x64) AppleWebKit/537.36 (KHTML, like Gecko) Chrome/120.0.0.0 Safari/537.36"
172.16.1.25 - - [15/Jan/2024:11:02:07 +0000] "GET /home HTTP/1.1" 200 14483 "-" "Mozilla/5.0 (Windows NT 10.0; Win64; x64; rv:120.0) Gecko/20100101 Firefox/120.0"
172.16.1.25 - - [15/Jan/2024:11:02:16 +0000] "POST /js/app.js HTTP/1.1" 200 11491 "-" "Mozilla/5.0 (Windows NT 10.0; Win64; x64; rv:120.0) Gecko/20100101 Firefox/120.0"
172.16.1.25 - - [15/Jan/2024:11:02:25 +0000] "GET /news HTTP/1.1" 200 12526 "-" "Mozilla/5.0 (Windows NT 10.0; Win64; x64; rv:120.0) Gecko/20100101 Firefox/120.0"
192.168.1.5 - frank [15/Jan/2024:11:02:26 +0000] "GET /js/app.js HTTP/1.1" 200 15256 "-" "Mozilla/5.0 (Windows NT 10.0; Win64; x64) AppleWebKit/537.36 (KHTML, like Gecko) Chrome/120.0.0.0 Safari/537.36"
192.168.1.10 - alice [15/Jan/2024:11:02:30 +0000] "POST /shop/item/3 HTTP/1.1" 200 7092 "-" "Mozilla/5.0 (Macintosh; Intel Mac OS X 10_15_7) AppleWebKit/537.36 (KHTML, like Gecko) Chrome/120.0.0.0 Safari/537.36"
172.16.1.25 - - [15/Jan/2024:11:02:40 +0000] "GET /contact HTTP/1.1" 200 10640 "-" "Mozilla/5.0 (Windows NT 10.0; Win64; x64; rv:120.0) Gecko/20100101 Firefox/120.0"
192.168.2.200 - - [15/Jan/2024:11:02:48 +0000] "GET /blog HTTP/1.1" 200 11914 "-" "axios/1.4.0"
192.168.1.10 - alice [15/Jan/2024:11:02:59 +0000] "GET /shop/item/3 HTTP/1.1" 200 9164 "-" "Mozilla/5.0 (Macintosh; Intel Mac OS X 10_15_7) AppleWebKit/537.36 (KHTML, like Gecko) Chrome/120.0.0.0 Safari/537.36"
192.168.1.5 - frank [15/Jan/2024:11:03:04 +0000] "GET / HTTP/1.1" 200 16297 "-" "Mozilla/5.0 (Windows NT 10.0; Win64; x64) AppleWebKit/537.36 (KHTML, like Gecko) Chrome/120.0.0.0 Safari/537.36"
10.0.0.10 - - [15/Jan/2024:11:03:10 +0000] "GET /shop HTTP/1.1" 200 5479 "-" "Mozilla/5.0 (Macintosh; Intel Mac OS X 10_15_7) AppleWebKit/605.1.15 (KHTML, like Gecko) Version/17.0 Safari/605.1.15"
192.168.2.200 - - [15/Jan/2024:11:03:12 +0000] "GET / HTTP/1.1" 200 3834 "-" "axios/1.4.0"
10.0.0.10 - - [15/Jan/2024:11:03:21 +0000] "GET /sitemap.xml HTTP/1.1" 200 7614 "-" "Mozilla/5.0 (Macintosh; Intel Mac OS X 10_15_7) AppleWebKit/605.1.15 (KHTML, like Gecko) Version/17.0 Safari/605.1.15"
192.168.1.5 - frank [15/Jan/2024:11:03:25 +0000] "POST /blog/post/1 HTTP/1.1" 200 9716 "-" "Mozilla/5.0 (Windows NT 10.0; Win64; x64) AppleWebKit/537.36 (KHTML, like Gecko) Chrome/120.0.0.0 Safari/537.36"
10.0.0.10 - - [15/Jan/2024:11:03:27 +0000] "GET /search HTTP/1.1" 200 13913 "-" "Mozilla/5.0 (Macintosh; Intel Mac OS X 10_15_7) AppleWebKit/605.1.15 (KHTML, like Gecko) Version/17.0 Safari/605.1.15"
192.168.1.5 - frank [15/Jan/2024:11:03:38 +0000] "GET /shop/item/2 HTTP/1.1" 200 10314 "-" "Mozilla/5.0 (Windows NT 10.0; Win64; x64) AppleWebKit/537.36 (KHTML, like Gecko) Chrome/120.0.0.0 Safari/537.36"
10.20.30.40 - - [15/Jan/2024:11:03:43 +0000] "GET /home HTTP/1.1" 200 13076 "-" "Mozilla/5.0 (Windows NT 10.0; Win64; x64) AppleWebKit/537.36"
172.16.1.25 - - [15/Jan/2024:11:03:53 +0000] "GET /shop/item/1 HTTP/1.1" 200 5146 "-" "Mozilla/5.0 (Windows NT 10.0; Win64; x64; rv:120.0) Gecko/20100101 Firefox/120.0"
10.20.30.40 - - [15/Jan/2024:11:04:01 +0000] "POST /blog/post/1 HTTP/1.1" 200 5367 "-" "Mozilla/5.0 (Windows NT 10.0; Win64; x64) AppleWebKit/537.36"
10.0.0.10 - - [15/Jan/2024:11:04:08 +0000] "GET /blog/post/1 HTTP/1.1" 200 1620 "-" "Mozilla/5.0 (Macintosh; Intel Mac OS X 10_15_7) AppleWebKit/605.1.15 (KHTML, like Gecko) Version/17.0 Safari/605.1.15"
10.0.1.15 - - [15/Jan/2024:11:04:12 +0000] "POST /shop/checkout HTTP/1.1" 200 8720 "-" "Mozilla/5.0 (iPad; CPU OS 17_0 like Mac OS X) AppleWebKit/605.1.15"
172.16.1.25 - - [15/Jan/2024:11:04:14 +0000] "GET /blog HTTP/1.1" 200 12893 "-" "Mozilla/5.0 (Windows NT 10.0; Win64; x64; rv:120.0) Gecko/20100101 Firefox/120.0"
192.168.1.10 - alice [15/Jan/2024:11:04:18 +0000] "GET /blog HTTP/1.1" 200 9734 "-" "Mozilla/5.0 (Macintosh; Intel Mac OS X 10_15_7) AppleWebKit/537.36 (KHTML, like Gecko) Chrome/120.0.0.0 Safari/537.36"
192.168.1.5 - frank [15/Jan/2024:11:04:21 +0000] "GET /home/profile HTTP/1.1" 200 15083 "-" "Mozilla/5.0 (Windows NT 10.0; Win64; x64) AppleWebKit/537.36 (KHTML, like Gecko) Chrome/120.0.0.0 Safari/537.36"
192.168.1.5 - frank [15/Jan/2024:11:04:28 +0000] "GET /robots.txt HTTP/1.1" 200 5904 "-" "Mozilla/5.0 (Windows NT 10.0; Win64; x64) AppleWebKit/537.36 (KHTML, like Gecko) Chrome/120.0.0.0 Safari/537.36"
192.168.1.5 - frank [15/Jan/2024:11:04:31 +0000] "GET /profile HTTP/1.1" 200 5617 "-" "Mozilla/5.0 (Windows NT 10.0; Win64; x64) AppleWebKit/537.36 (KHTML, like Gecko) Chrome/120.0.0.0 Safari/537.36"
10.0.0.10 - - [15/Jan/2024:11:04:33 +0000] "GET /products HTTP/1.1" 200 2634 "-" "Mozilla/5.0 (Macintosh; Intel Mac OS X 10_15_7) AppleWebKit/605.1.15 (KHTML, like Gecko) Version/17.0 Safari/605.1.15"
10.0.0.10 - - [15/Jan/2024:11:04:35 +0000] "GET /about.html HTTP/1.1" 200 9794 "-" "Mozilla/5.0 (Macintosh; Intel Mac OS X 10_15_7) AppleWebKit/605.1.15 (KHTML, like Gecko) Version/17.0 Safari/605.1.15"
192.168.1.5 - frank [15/Jan/2024:11:04:41 +0000] "GET /api/health HTTP/1.1" 200 5551 "-" "Mozilla/5.0 (Windows NT 10.0; Win64; x64) AppleWebKit/537.36 (KHTML, like Gecko) Chrome/120.0.0.0 Safari/537.36"
10.20.30.40 - - [15/Jan/2024:11:04:42 +0000] "GET /faq HTTP/1.1" 200 3813 "-" "Mozilla/5.0 (Windows NT 10.0; Win64; x64) AppleWebKit/537.36"
192.168.1.100 - - [15/Jan/2024:11:04:53 +0000] "POST /blog HTTP/1.1" 200 9064 "-" "Mozilla/5.0 (iPhone; CPU iPhone OS 17_0 like Mac OS X) AppleWebKit/605.1.15"
192.168.3.75 - bob [15/Jan/2024:11:05:01 +0000] "GET /api/v1/users HTTP/1.1" 200 14524 "-" "Mozilla/5.0 (X11; Ubuntu; Linux x86_64; rv:120.0) Gecko/20100101 Firefox/120.0"
10.0.1.15 - - [15/Jan/2024:11:05:05 +0000] "GET /contact HTTP/1.1" 200 1798 "-" "Mozilla/5.0 (iPad; CPU OS 17_0 like Mac OS X) AppleWebKit/605.1.15"
10.20.30.40 - - [15/Jan/2024:11:05:09 +0000] "GET /css/style.css HTTP/1.1" 200 13331 "-" "Mozilla/5.0 (Windows NT 10.0; Win64; x64) AppleWebKit/537.36"
192.168.3.75 - bob [15/Jan/2024:11:05:10 +0000] "POST /css/style.css HTTP/1.1" 200 5312 "-" "Mozilla/5.0 (X11; Ubuntu; Linux x86_64; rv:120.0) Gecko/20100101 Firefox/120.0"
172.16.1.25 - - [15/Jan/2024:11:05:16 +0000] "GET /shop/checkout HTTP/1.1" 200 10799 "-" "Mozilla/5.0 (Windows NT 10.0; Win64; x64; rv:120.0) Gecko/20100101 Firefox/120.0"
192.168.1.10 - alice [15/Jan/2024:11:05:28 +0000] "GET /blog HTTP/1.1" 200 6598 "-" "Mozilla/5.0 (Macintosh; Intel Mac OS X 10_15_7) AppleWebKit/537.36 (KHTML, like Gecko) Chrome/120.0.0.0 Safari/537.36"
10.0.0.10 - - [15/Jan/2024:11:05:31 +0000] "GET /home/profile HTTP/1.1" 200 16098 "-" "Mozilla/5.0 (Macintosh; Intel Mac OS X 10_15_7) AppleWebKit/605.1.15 (KHTML, like Gecko) Version/17.0 Safari/605.1.15"
10.20.30.40 - - [15/Jan/2024:11:05:39 +0000] "GET /home/profile HTTP/1.1" 200 14616 "-" "Mozilla/5.0 (Windows NT 10.0; Win64; x64) AppleWebKit/537.36"
10.20.30.40 - - [15/Jan/2024:11:05:48 +0000] "GET /api/v1/orders HTTP/1.1" 200 13468 "-" "Mozilla/5.0 (Windows NT 10.0; Win64; x64) AppleWebKit/537.36"
192.168.3.75 - bob [15/Jan/2024:11:05:51 +0000] "GET /blog/post/3 HTTP/1.1" 200 16056 "-" "Mozilla/5.0 (X11; Ubuntu; Linux x86_64; rv:120.0) Gecko/20100101 Firefox/120.0"
192.168.1.10 - alice [15/Jan/2024:11:05:57 +0000] "GET /api/data HTTP/1.1" 200 5200 "-" "Mozilla/5.0 (Macintosh; Intel Mac OS X 10_15_7) AppleWebKit/537.36 (KHTML, like Gecko) Chrome/120.0.0.0 Safari/537.36"
192.168.1.10 - alice [15/Jan/2024:11:05:59 +0000] "GET /index.html HTTP/1.1" 200 3670 "-" "Mozilla/5.0 (Macintosh; Intel Mac OS X 10_15_7) AppleWebKit/537.36 (KHTML, like Gecko) Chrome/120.0.0.0 Safari/537.36"
172.16.0.50 - - [15/Jan/2024:11:06:05 +0000] "GET /api/v1/users HTTP/1.1" 200 10402 "-" "Mozilla/5.0 (X11; Linux x86_64; rv:120.0) Gecko/20100101 Firefox/120.0"
10.20.30.40 - - [15/Jan/2024:11:06:16 +0000] "GET /sitemap.xml HTTP/1.1" 200 16141 "-" "Mozilla/5.0 (Windows NT 10.0; Win64; x64) AppleWebKit/537.36"
192.168.1.5 - frank [15/Jan/2024:11:06:19 +0000] "GET /search HTTP/1.1" 200 2415 "-" "Mozilla/5.0 (Windows NT 10.0; Win64; x64) AppleWebKit/537.36 (KHTML, like Gecko) Chrome/120.0.0.0 Safari/537.36"
10.20.30.40 - - [15/Jan/2024:11:06:31 +0000] "GET /index.html HTTP/1.1" 200 12897 "-" "Mozilla/5.0 (Windows NT 10.0; Win64; x64) AppleWebKit/537.36"
10.0.1.15 - - [15/Jan/2024:11:06:40 +0000] "GET /products HTTP/1.1" 200 11111 "-" "Mozilla/5.0 (iPad; CPU OS 17_0 like Mac OS X) AppleWebKit/605.1.15"
172.16.1.25 - - [15/Jan/2024:11:06:42 +0000] "GET /api/health HTTP/1.1" 200 3968 "-" "Mozilla/5.0 (Windows NT 10.0; Win64; x64; rv:120.0) Gecko/20100101 Firefox/120.0"
10.20.30.40 - - [15/Jan/2024:11:06:44 +0000] "GET /about.html HTTP/1.1" 200 9941 "-" "Mozilla/5.0 (Windows NT 10.0; Win64; x64) AppleWebKit/537.36"
192.168.3.75 - bob [15/Jan/2024:11:06:53 +0000] "POST /api/v1/orders HTTP/1.1" 200 5925 "-" "Mozilla/5.0 (X11; Ubuntu; Linux x86_64; rv:120.0) Gecko/20100101 Firefox/120.0"
192.168.2.200 - - [15/Jan/2024:11:06:56 +0000] "POST /api/v1/orders HTTP/1.1" 200 6535 "-" "axios/1.4.0"
192.168.1.100 - - [15/Jan/2024:11:07:04 +0000] "GET /faq HTTP/1.1" 200 1092 "-" "Mozilla/5.0 (iPhone; CPU iPhone OS 17_0 like Mac OS X) AppleWebKit/605.1.15"
10.0.1.15 - - [15/Jan/2024:11:07:14 +0000] "POST /blog/post/3 HTTP/1.1" 200 15537 "-" "Mozilla/5.0 (iPad; CPU OS 17_0 like Mac OS X) AppleWebKit/605.1.15"
192.168.1.100 - - [15/Jan/2024:11:07:21 +0000] "GET /css/style.css HTTP/1.1" 200 7433 "-" "Mozilla/5.0 (iPhone; CPU iPhone OS 17_0 like Mac OS X) AppleWebKit/605.1.15"
172.16.0.50 - - [15/Jan/2024:11:07:23 +0000] "GET /js/app.js HTTP/1.1" 200 10264 "-" "Mozilla/5.0 (X11; Linux x86_64; rv:120.0) Gecko/20100101 Firefox/120.0"
10.20.30.40 - - [15/Jan/2024:11:07:29 +0000] "GET /news HTTP/1.1" 200 10960 "-" "Mozilla/5.0 (Windows NT 10.0; Win64; x64) AppleWebKit/537.36"
192.168.2.200 - - [15/Jan/2024:11:07:37 +0000] "GET /news HTTP/1.1" 200 14690 "-" "axios/1.4.0"
192.168.1.100 - - [15/Jan/2024:11:07:38 +0000] "GET /faq HTTP/1.1" 200 8672 "-" "Mozilla/5.0 (iPhone; CPU iPhone OS 17_0 like Mac OS X) AppleWebKit/605.1.15"
10.20.30.40 - - [15/Jan/2024:11:07:49 +0000] "GET /home/profile HTTP/1.1" 200 9824 "-" "Mozilla/5.0 (Windows NT 10.0; Win64; x64) AppleWebKit/537.36"
10.0.0.10 - - [15/Jan/2024:11:07:52 +0000] "GET /robots.txt HTTP/1.1" 200 2903 "-" "Mozilla/5.0 (Macintosh; Intel Mac OS X 10_15_7) AppleWebKit/605.1.15 (KHTML, like Gecko) Version/17.0 Safari/605.1.15"
192.168.1.100 - - [15/Jan/2024:11:08:01 +0000] "GET /news HTTP/1.1" 200 12983 "-" "Mozilla/5.0 (iPhone; CPU iPhone OS 17_0 like Mac OS X) AppleWebKit/605.1.15"
192.168.2.200 - - [15/Jan/2024:11:08:11 +0000] "GET /settings HTTP/1.1" 200 10445 "-" "axios/1.4.0"
192.168.1.100 - - [15/Jan/2024:11:08:18 +0000] "POST /robots.txt HTTP/1.1" 200 15195 "-" "Mozilla/5.0 (iPhone; CPU iPhone OS 17_0 like Mac OS X) AppleWebKit/605.1.15"
45.33.32.156 - - [15/Jan/2024:12:04:00 +0000] "GET /index.php HTTP/1.1" 404 248 "-" "Nikto/2.1.6"
45.33.32.156 - - [15/Jan/2024:12:04:00 +0000] "GET /admin HTTP/1.1" 404 313 "-" "Nikto/2.1.6"
45.33.32.156 - - [15/Jan/2024:12:04:01 +0000] "GET /phpmyadmin HTTP/1.1" 404 193 "-" "Nikto/2.1.6"
45.33.32.156 - - [15/Jan/2024:12:04:02 +0000] "GET /wp-admin HTTP/1.1" 404 715 "-" "Nikto/2.1.6"
45.33.32.156 - - [15/Jan/2024:12:04:02 +0000] "GET /backup HTTP/1.1" 404 446 "-" "Nikto/2.1.6"
45.33.32.156 - - [15/Jan/2024:12:04:03 +0000] "GET /.env HTTP/1.1" 404 492 "-" "Nikto/2.1.6"
45.33.32.156 - - [15/Jan/2024:12:04:04 +0000] "GET /config HTTP/1.1" 404 203 "-" "Nikto/2.1.6"
45.33.32.156 - - [15/Jan/2024:12:04:05 +0000] "GET /server-status HTTP/1.1" 200 792 "-" "Nikto/2.1.6"
45.33.32.156 - - [15/Jan/2024:12:04:05 +0000] "GET /robots.txt HTTP/1.1" 404 586 "-" "Nikto/2.1.6"
45.33.32.156 - - [15/Jan/2024:12:04:06 +0000] "GET /sitemap.xml HTTP/1.1" 403 965 "-" "Nikto/2.1.6"
45.33.32.156 - - [15/Jan/2024:12:04:06 +0000] "GET /xmlrpc.php HTTP/1.1" 404 150 "-" "Nikto/2.1.6"
45.33.32.156 - - [15/Jan/2024:12:04:07 +0000] "GET /api HTTP/1.1" 404 724 "-" "Nikto/2.1.6"
45.33.32.156 - - [15/Jan/2024:12:04:08 +0000] "GET /cgi-bin/test.cgi HTTP/1.1" 403 612 "-" "Nikto/2.1.6"
