45.33.32.156 - - [15/Jan/2024:12:04:08 +0000] "GET /test.php HTTP/1.1" 200 306 "-" "Nikto/2.1.6"
45.33.32.156 - - [15/Jan/2024:12:04:08 +0000] "GET /shell.php HTTP/1.1" 403 943 "-" "Nikto/2.1.6"
45.33.32.156 - - [15/Jan/2024:12:04:10 +0000] "GET /upload HTTP/1.1" 403 498 "-" "Nikto/2.1.6"
45.33.32.156 - - [15/Jan/2024:12:04:11 +0000] "GET /images HTTP/1.1" 403 149 "-" "Nikto/2.1.6"
45.33.32.156 - - [15/Jan/2024:12:04:12 +0000] "GET /tmp HTTP/1.1" 404 436 "-" "Nikto/2.1.6"
45.33.32.156 - - [15/Jan/2024:12:04:12 +0000] "GET /logs HTTP/1.1" 404 316 "-" "Nikto/2.1.6"
45.33.32.156 - - [15/Jan/2024:12:04:13 +0000] "GET /cache HTTP/1.1" 403 94 "-" "Nikto/2.1.6"
45.33.32.156 - - [15/Jan/2024:12:04:14 +0000] "GET /old HTTP/1.1" 403 627 "-" "Nikto/2.1.6"
45.33.32.156 - - [15/Jan/2024:12:04:15 +0000] "GET /new HTTP/1.1" 404 201 "-" "Nikto/2.1.6"
45.33.32.156 - - [15/Jan/2024:12:04:16 +0000] "GET /public HTTP/1.1" 403 45 "-" "Nikto/2.1.6"
45.33.32.156 - - [15/Jan/2024:12:04:17 +0000] "GET /private HTTP/1.1" 403 319 "-" "Nikto/2.1.6"
45.33.32.156 - - [15/Jan/2024:12:04:17 +0000] "GET /secret HTTP/1.1" 403 398 "-" "Nikto/2.1.6"
45.33.32.156 - - [15/Jan/2024:12:04:18 +0000] "GET /data HTTP/1.1" 404 551 "-" "Nikto/2.1.6"
45.33.32.156 - - [15/Jan/2024:12:04:19 +0000] "GET /dev HTTP/1.1" 200 119 "-" "Nikto/2.1.6"
45.33.32.156 - - [15/Jan/2024:12:04:20 +0000] "GET /staging HTTP/1.1" 404 244 "-" "Nikto/2.1.6"
45.33.32.156 - - [15/Jan/2024:12:04:21 +0000] "GET /beta HTTP/1.1" 404 314 "-" "Nikto/2.1.6"
45.33.32.156 - - [15/Jan/2024:12:04:22 +0000] "GET /docs HTTP/1.1" 404 201 "-" "Nikto/2.1.6"
45.33.32.156 - - [15/Jan/2024:12:04:23 +0000] "GET /api/v1 HTTP/1.1" 404 48 "-" "Nikto/2.1.6"
45.33.32.156 - - [15/Jan/2024:12:04:24 +0000] "GET /api/v2 HTTP/1.1" 404 495 "-" "Nikto/2.1.6"
45.33.32.156 - - [15/Jan/2024:12:04:24 +0000] "GET /health HTTP/1.1" 200 198 "-" "Nikto/2.1.6"
45.33.32.156 - - [15/Jan/2024:12:04:25 +0000] "GET /status HTTP/1.1" 200 416 "-" "Nikto/2.1.6"
45.33.32.156 - - [15/Jan/2024:12:04:26 +0000] "GET /debug HTTP/1.1" 404 171 "-" "Nikto/2.1.6"
45.33.32.156 - - [15/Jan/2024:12:04:27 +0000] "GET /trace HTTP/1.1" 200 726 "-" "Nikto/2.1.6"
45.33.32.156 - - [15/Jan/2024:12:04:27 +0000] "GET /manager HTTP/1.1" 403 298 "-" "Nikto/2.1.6"
45.33.32.156 - - [15/Jan/2024:12:04:28 +0000] "GET /console HTTP/1.1" 404 1003 "-" "Nikto/2.1.6"
45.33.32.156 - - [15/Jan/2024:12:04:29 +0000] "GET /actuator HTTP/1.1" 404 382 "-" "Nikto/2.1.6"
45.33.32.156 - - [15/Jan/2024:12:04:30 +0000] "GET /metrics HTTP/1.1" 404 135 "-" "Nikto/2.1.6"
45.33.32.156 - - [15/Jan/2024:12:04:30 +0000] "GET /info HTTP/1.1" 200 730 "-" "Nikto/2.1.6"
45.33.32.156 - - [15/Jan/2024:12:04:31 +0000] "GET /swagger HTTP/1.1" 404 968 "-" "Nikto/2.1.6"
45.33.32.156 - - [15/Jan/2024:12:04:32 +0000] "GET /graphql HTTP/1.1" 403 428 "-" "Nikto/2.1.6"
45.33.32.156 - - [15/Jan/2024:12:04:33 +0000] "GET /api/admin HTTP/1.1" 404 984 "-" "Nikto/2.1.6"
45.33.32.156 - - [15/Jan/2024:12:04:33 +0000] "GET /.git/config HTTP/1.1" 403 1009 "-" "Nikto/2.1.6"
45.33.32.156 - - [15/Jan/2024:12:04:34 +0000] "GET /.htaccess HTTP/1.1" 404 269 "-" "Nikto/2.1.6"
45.33.32.156 - - [15/Jan/2024:12:04:35 +0000] "GET /web.config HTTP/1.1" 403 87 "-" "Nikto/2.1.6"
45.33.32.156 - - [15/Jan/2024:12:04:36 +0000] "GET /crossdomain.xml HTTP/1.1" 403 429 "-" "Nikto/2.1.6"
45.33.32.156 - - [15/Jan/2024:12:04:37 +0000] "GET /clientaccesspolicy.xml HTTP/1.1" 404 137 "-" "Nikto/2.1.6"
45.33.32.156 - - [15/Jan/2024:12:04:37 +0000] "GET /phpinfo.php HTTP/1.1" 404 426 "-" "Nikto/2.1.6"
45.33.32.156 - - [15/Jan/2024:12:04:38 +0000] "GET /test HTTP/1.1" 404 555 "-" "Nikto/2.1.6"
45.33.32.156 - - [15/Jan/2024:12:04:39 +0000] "GET /demo HTTP/1.1" 403 237 "-" "Nikto/2.1.6"
45.33.32.156 - - [15/Jan/2024:12:04:39 +0000] "GET /sample HTTP/1.1" 404 475 "-" "Nikto/2.1.6"
45.33.32.156 - - [15/Jan/2024:12:04:40 +0000] "GET /temp HTTP/1.1" 200 833 "-" "Nikto/2.1.6"
45.33.32.156 - - [15/Jan/2024:12:04:41 +0000] "GET /bak HTTP/1.1" 200 82 "-" "Nikto/2.1.6"
45.33.32.156 - - [15/Jan/2024:12:04:42 +0000] "GET /sql HTTP/1.1" 404 414 "-" "Nikto/2.1.6"
45.33.32.156 - - [15/Jan/2024:12:04:43 +0000] "GET /db HTTP/1.1" 403 900 "-" "Nikto/2.1.6"
45.33.32.156 - - [15/Jan/2024:12:04:44 +0000] "GET /database HTTP/1.1" 404 694 "-" "Nikto/2.1.6"
45.33.32.156 - - [15/Jan/2024:12:04:44 +0000] "GET /dump HTTP/1.1" 403 498 "-" "Nikto/2.1.6"
45.33.32.156 - - [15/Jan/2024:12:04:45 +0000] "GET /export HTTP/1.1" 404 93 "-" "Nikto/2.1.6"
45.33.32.156 - - [15/Jan/2024:12:04:46 +0000] "GET /download HTTP/1.1" 404 1023 "-" "Nikto/2.1.6"
45.33.32.156 - - [15/Jan/2024:12:04:47 +0000] "GET /file HTTP/1.1" 404 479 "-" "Nikto/2.1.6"
45.33.32.156 - - [15/Jan/2024:12:04:48 +0000] "GET /wp-content HTTP/1.1" 404 489 "-" "Nikto/2.1.6"
45.33.32.156 - - [15/Jan/2024:12:04:49 +0000] "GET /wp-includes HTTP/1.1" 404 50 "-" "Nikto/2.1.6"
45.33.32.156 - - [15/Jan/2024:12:04:49 +0000] "GET /wp-config.php HTTP/1.1" 404 195 "-" "Nikto/2.1.6"
172.16.1.25 - - [15/Jan/2024:12:30:11 +0000] "POST /images/logo.png HTTP/1.1" 200 8204 "-" "Mozilla/5.0 (Windows NT 10.0; Win64; x64; rv:120.0) Gecko/20100101 Firefox/120.0"
10.20.30.40 - - [15/Jan/2024:12:30:17 +0000] "GET /profile HTTP/1.1" 200 8073 "-" "Mozilla/5.0 (Windows NT 10.0; Win64; x64) AppleWebKit/537.36"
192.168.3.75 - bob [15/Jan/2024:12:30:25 +0000] "GET /api/data HTTP/1.1" 200 2467 "-" "Mozilla/5.0 (X11; Ubuntu; Linux x86_64; rv:120.0) Gecko/20100101 Firefox/120.0"
192.168.1.10 - alice [15/Jan/2024:12:30:39 +0000] "GET /news HTTP/1.1" 200 2882 "-" "Mozilla/5.0 (Macintosh; Intel Mac OS X 10_15_7) AppleWebKit/537.36 (KHTML, like Gecko) Chrome/120.0.0.0 Safari/537.36"
10.20.30.40 - - [15/Jan/2024:12:30:50 +0000] "GET /contact HTTP/1.1" 200 7964 "-" "Mozilla/5.0 (Windows NT 10.0; Win64; x64) AppleWebKit/537.36"
10.0.1.15 - - [15/Jan/2024:12:30:59 +0000] "GET /blog HTTP/1.1" 200 9433 "-" "Mozilla/5.0 (iPad; CPU OS 17_0 like Mac OS X) AppleWebKit/605.1.15"
192.168.1.100 - - [15/Jan/2024:12:31:08 +0000] "GET /images/logo.png HTTP/1.1" 200 9748 "-" "Mozilla/5.0 (iPhone; CPU iPhone OS 17_0 like Mac OS X) AppleWebKit/605.1.15"
10.0.1.15 - - [15/Jan/2024:12:31:21 +0000] "GET /shop/item/3 HTTP/1.1" 200 10508 "-" "Mozilla/5.0 (iPad; CPU OS 17_0 like Mac OS X) AppleWebKit/605.1.15"
192.168.1.10 - alice [15/Jan/2024:12:31:27 +0000] "GET /news HTTP/1.1" 200 11452 "-" "Mozilla/5.0 (Macintosh; Intel Mac OS X 10_15_7) AppleWebKit/537.36 (KHTML, like Gecko) Chrome/120.0.0.0 Safari/537.36"
172.16.1.25 - - [15/Jan/2024:12:31:33 +0000] "GET /index.html HTTP/1.1" 200 11766 "-" "Mozilla/5.0 (Windows NT 10.0; Win64; x64; rv:120.0) Gecko/20100101 Firefox/120.0"
10.0.1.15 - - [15/Jan/2024:12:31:36 +0000] "GET /shop/item/3 HTTP/1.1" 200 12577 "-" "Mozilla/5.0 (iPad; CPU OS 17_0 like Mac OS X) AppleWebKit/605.1.15"
10.0.1.15 - - [15/Jan/2024:12:31:44 +0000] "GET /api/data HTTP/1.1" 200 11067 "-" "Mozilla/5.0 (iPad; CPU OS 17_0 like Mac OS X) AppleWebKit/605.1.15"
192.168.2.200 - - [15/Jan/2024:12:31:49 +0000] "GET /css/style.css HTTP/1.1" 200 5103 "-" "axios/1.4.0"
192.168.1.100 - - [15/Jan/2024:12:31:59 +0000] "GET /index.html HTTP/1.1" 200 1875 "-" "Mozilla/5.0 (iPhone; CPU iPhone OS 17_0 like Mac OS X) AppleWebKit/605.1.15"
10.20.30.40 - - [15/Jan/2024:12:32:05 +0000] "GET /home/profile HTTP/1.1" 200 4976 "-" "Mozilla/5.0 (Windows NT 10.0; Win64; x64) AppleWebKit/537.36"
192.168.2.200 - - [15/Jan/2024:12:32:17 +0000] "POST /blog/post/3 HTTP/1.1" 200 11395 "-" "axios/1.4.0"
192.168.1.5 - frank [15/Jan/2024:12:32:32 +0000] "GET /shop/item/2 HTTP/1.1" 200 12239 "-" "Mozilla/5.0 (Windows NT 10.0; Win64; x64) AppleWebKit/537.36 (KHTML, like Gecko) Chrome/120.0.0.0 Safari/537.36"
172.16.0.50 - - [15/Jan/2024:12:32:45 +0000] "GET / HTTP/1.1" 200 14893 "-" "Mozilla/5.0 (X11; Linux x86_64; rv:120.0) Gecko/20100101 Firefox/120.0"
192.168.1.5 - frank [15/Jan/2024:12:32:53 +0000] "GET /shop/checkout HTTP/1.1" 200 8266 "-" "Mozilla/5.0 (Windows NT 10.0; Win64; x64) AppleWebKit/537.36 (KHTML, like Gecko) Chrome/120.0.0.0 Safari/537.36"
192.168.3.75 - bob [15/Jan/2024:12:33:04 +0000] "GET /api/health HTTP/1.1" 200 6431 "-" "Mozilla/5.0 (X11; Ubuntu; Linux x86_64; rv:120.0) Gecko/20100101 Firefox/120.0"
192.168.2.200 - - [15/Jan/2024:12:33:09 +0000] "POST /sitemap.xml HTTP/1.1" 200 280 "-" "axios/1.4.0"
192.168.2.200 - - [15/Jan/2024:12:33:19 +0000] "GET /api/data HTTP/1.1" 200 1236 "-" "axios/1.4.0"
192.168.2.200 - - [15/Jan/2024:12:33:32 +0000] "GET /shop/item/1 HTTP/1.1" 200 7148 "-" "axios/1.4.0"
10.0.1.15 - - [15/Jan/2024:12:33:46 +0000] "GET /images/logo.png HTTP/1.1" 200 16370 "-" "Mozilla/5.0 (iPad; CPU OS 17_0 like Mac OS X) AppleWebKit/605.1.15"
192.168.2.200 - - [15/Jan/2024:12:33:48 +0000] "POST /css/style.css HTTP/1.1" 200 14413 "-" "axios/1.4.0"
192.168.3.75 - bob [15/Jan/2024:12:33:59 +0000] "GET /api/data HTTP/1.1" 200 8336 "-" "Mozilla/5.0 (X11; Ubuntu; Linux x86_64; rv:120.0) Gecko/20100101 Firefox/120.0"
10.0.0.10 - - [15/Jan/2024:12:34:05 +0000] "GET /shop/cart HTTP/1.1" 200 11239 "-" "Mozilla/5.0 (Macintosh; Intel Mac OS X 10_15_7) AppleWebKit/605.1.15 (KHTML, like Gecko) Version/17.0 Safari/605.1.15"
10.20.30.40 - - [15/Jan/2024:12:34:10 +0000] "GET /blog HTTP/1.1" 200 14290 "-" "Mozilla/5.0 (Windows NT 10.0; Win64; x64) AppleWebKit/537.36"
192.168.3.75 - bob [15/Jan/2024:12:34:13 +0000] "GET /shop/item/1 HTTP/1.1" 200 2174 "-" "Mozilla/5.0 (X11; Ubuntu; Linux x86_64; rv:120.0) Gecko/20100101 Firefox/120.0"
192.168.3.75 - bob [15/Jan/2024:12:34:18 +0000] "GET /search HTTP/1.1" 200 4080 "-" "Mozilla/5.0 (X11; Ubuntu; Linux x86_64; rv:120.0) Gecko/20100101 Firefox/120.0"
10.20.30.40 - - [15/Jan/2024:12:34:30 +0000] "GET /robots.txt HTTP/1.1" 200 15841 "-" "Mozilla/5.0 (Windows NT 10.0; Win64; x64) AppleWebKit/537.36"
172.16.1.25 - - [15/Jan/2024:12:34:35 +0000] "GET /profile HTTP/1.1" 200 16105 "-" "Mozilla/5.0 (Windows NT 10.0; Win64; x64; rv:120.0) Gecko/20100101 Firefox/120.0"
192.168.2.200 - - [15/Jan/2024:12:34:50 +0000] "GET /shop/checkout HTTP/1.1" 200 11418 "-" "axios/1.4.0"
192.168.1.10 - alice [15/Jan/2024:12:34:55 +0000] "POST /sitemap.xml HTTP/1.1" 200 9988 "-" "Mozilla/5.0 (Macintosh; Intel Mac OS X 10_15_7) AppleWebKit/537.36 (KHTML, like Gecko) Chrome/120.0.0.0 Safari/537.36"
10.0.1.15 - - [15/Jan/2024:12:35:05 +0000] "POST /js/app.js HTTP/1.1" 200 9953 "-" "Mozilla/5.0 (iPad; CPU OS 17_0 like Mac OS X) AppleWebKit/605.1.15"
10.20.30.40 - - [15/Jan/2024:12:35:15 +0000] "GET /api/data HTTP/1.1" 200 15067 "-" "Mozilla/5.0 (Windows NT 10.0; Win64; x64) AppleWebKit/537.36"
10.0.1.15 - - [15/Jan/2024:12:35:22 +0000] "GET /search HTTP/1.1" 200 7286 "-" "Mozilla/5.0 (iPad; CPU OS 17_0 like Mac OS X) AppleWebKit/605.1.15"
172.16.0.50 - - [15/Jan/2024:12:35:26 +0000] "POST /images/logo.png HTTP/1.1" 200 11701 "-" "Mozilla/5.0 (X11; Linux x86_64; rv:120.0) Gecko/20100101 Firefox/120.0"
172.16.1.25 - - [15/Jan/2024:12:35:39 +0000] "GET /sitemap.xml HTTP/1.1" 200 2674 "-" "Mozilla/5.0 (Windows NT 10.0; Win64; x64; rv:120.0) Gecko/20100101 Firefox/120.0"
172.16.1.25 - - [15/Jan/2024:12:35:44 +0000] "GET /search HTTP/1.1" 200 3792 "-" "Mozilla/5.0 (Windows NT 10.0; Win64; x64; rv:120.0) Gecko/20100101 Firefox/120.0"
192.168.3.75 - bob [15/Jan/2024:12:35:47 +0000] "POST /index.html HTTP/1.1" 200 13029 "-" "Mozilla/5.0 (X11; Ubuntu; Linux x86_64; rv:120.0) Gecko/20100101 Firefox/120.0"
192.168.1.5 - frank [15/Jan/2024:12:35:54 +0000] "POST /shop HTTP/1.1" 200 6754 "-" "Mozilla/5.0 (Windows NT 10.0; Win64; x64) AppleWebKit/537.36 (KHTML, like Gecko) Chrome/120.0.0.0 Safari/537.36"
192.168.1.10 - alice [15/Jan/2024:12:36:07 +0000] "GET /about.html HTTP/1.1" 200 2146 "-" "Mozilla/5.0 (Macintosh; Intel Mac OS X 10_15_7) AppleWebKit/537.36 (KHTML, like Gecko) Chrome/120.0.0.0 Safari/537.36"
10.0.1.15 - - [15/Jan/2024:12:36:15 +0000] "GET /index.html HTTP/1.1" 200 11649 "-" "Mozilla/5.0 (iPad; CPU OS 17_0 like Mac OS X) AppleWebKit/605.1.15"
10.0.1.15 - - [15/Jan/2024:12:36:18 +0000] "GET /profile HTTP/1.1" 200 963 "-" "Mozilla/5.0 (iPad; CPU OS 17_0 like Mac OS X) AppleWebKit/605.1.15"
192.168.1.5 - frank [15/Jan/2024:12:36:33 +0000] "GET /home/profile HTTP/1.1" 200 9853 "-" "Mozilla/5.0 (Windows NT 10.0; Win64; x64) AppleWebKit/537.36 (KHTML, like Gecko) Chrome/120.0.0.0 Safari/537.36"
192.168.3.75 - bob [15/Jan/2024:12:36:46 +0000] "GET /shop/cart HTTP/1.1" 200 14239 "-" "Mozilla/5.0 (X11; Ubuntu; Linux x86_64; rv:120.0) Gecko/20100101 Firefox/120.0"
172.16.1.25 - - [15/Jan/2024:12:36:49 +0000] "POST /faq HTTP/1.1" 200 6118 "-" "Mozilla/5.0 (Windows NT 10.0; Win64; x64; rv:120.0) Gecko/20100101 Firefox/120.0"
10.0.1.15 - - [15/Jan/2024:12:37:02 +0000] "GET /css/style.css HTTP/1.1" 200 7046 "-" "Mozilla/5.0 (iPad; CPU OS 17_0 like Mac OS X) AppleWebKit/605.1.15"
172.16.1.25 - - [15/Jan/2024:12:37:04 +0000] "GET /products HTTP/1.1" 200 8462 "-" "Mozilla/5.0 (Windows NT 10.0; Win64; x64; rv:120.0) Gecko/20100101 Firefox/120.0"
172.16.1.25 - - [15/Jan/2024:12:37:13 +0000] "GET /robots.txt HTTP/1.1" 200 1019 "-" "Mozilla/5.0 (Windows NT 10.0; Win64; x64; rv:120.0) Gecko/20100101 Firefox/120.0"
192.168.1.100 - - [15/Jan/2024:12:37:21 +0000] "POST /shop/item/1 HTTP/1.1" 200 15892 "-" "Mozilla/5.0 (iPhone; CPU iPhone OS 17_0 like Mac OS X) AppleWebKit/605.1.15"
10.0.1.15 - - [15/Jan/2024:12:37:33 +0000] "GET /index.html HTTP/1.1" 200 10154 "-" "Mozilla/5.0 (iPad; CPU OS 17_0 like Mac OS X) AppleWebKit/605.1.15"
172.16.1.25 - - [15/Jan/2024:12:37:35 +0000] "POST /api/health HTTP/1.1" 200 8506 "-" "Mozilla/5.0 (Windows NT 10.0; Win64; x64; rv:120.0) Gecko/20100101 Firefox/120.0"
172.16.0.50 - - [15/Jan/2024:12:37:44 +0000] "GET /api/v1/orders HTTP/1.1" 200 10744 "-" "Mozilla/5.0 (X11; Linux x86_64; rv:120.0) Gecko/20100101 Firefox/120.0"
172.16.0.50 - - [15/Jan/2024:12:37:46 +0000] "GET /css/style.css HTTP/1.1" 200 14392 "-" "Mozilla/5.0 (X11; Linux x86_64; rv:120.0) Gecko/20100101 Firefox/120.0"
192.168.3.75 - bob [15/Jan/2024:12:37:53 +0000] "GET /shop/item/1 HTTP/1.1" 200 3981 "-" "Mozilla/5.0 (X11; Ubuntu; Linux x86_64; rv:120.0) Gecko/20100101 Firefox/120.0"
192.168.1.5 - frank [15/Jan/2024:12:38:00 +0000] "GET /css/style.css HTTP/1.1" 200 15473 "-" "Mozilla/5.0 (Windows NT 10.0; Win64; x64) AppleWebKit/537.36 (KHTML, like Gecko) Chrome/120.0.0.0 Safari/537.36"
192.168.2.200 - - [15/Jan/2024:12:38:08 +0000] "GET /home HTTP/1.1" 200 14346 "-" "axios/1.4.0"
192.168.3.75 - bob [15/Jan/2024:12:38:21 +0000] "POST /about.html HTTP/1.1" 200 9574 "-" "Mozilla/5.0 (X11; Ubuntu; Linux x86_64; rv:120.0) Gecko/20100101 Firefox/120.0"
172.16.0.50 - - [15/Jan/2024:12:38:34 +0000] "GET /profile HTTP/1.1" 200 16240 "-" "Mozilla/5.0 (X11; Linux x86_64; rv:120.0) Gecko/20100101 Firefox/120.0"
192.168.1.100 - - [15/Jan/2024:12:38:41 +0000] "GET /shop/item/2 HTTP/1.1" 200 4915 "-" "Mozilla/5.0 (iPhone; CPU iPhone OS 17_0 like Mac OS X) AppleWebKit/605.1.15"
192.168.1.5 - frank [15/Jan/2024:12:38:43 +0000] "GET /dashboard HTTP/1.1" 200 7622 "-" "Mozilla/5.0 (Windows NT 10.0; Win64; x64) AppleWebKit/537.36 (KHTML, like Gecko) Chrome/120.0.0.0 Safari/537.36"
172.16.1.25 - - [15/Jan/2024:12:38:48 +0000] "GET /api/v1/orders HTTP/1.1" 200 12446 "-" "Mozilla/5.0 (Windows NT 10.0; Win64; x64; rv:120.0) Gecko/20100101 Firefox/120.0"
192.168.2.200 - - [15/Jan/2024:12:38:55 +0000] "GET /profile HTTP/1.1" 200 12117 "-" "axios/1.4.0"
172.16.1.25 - - [15/Jan/2024:12:39:03 +0000] "GET /shop/item/1 HTTP/1.1" 200 13457 "-" "Mozilla/5.0 (Windows NT 10.0; Win64; x64; rv:120.0) Gecko/20100101 Firefox/120.0"
10.0.1.15 - - [15/Jan/2024:12:39:06 +0000] "GET /index.html HTTP/1.1" 200 15099 "-" "Mozilla/5.0 (iPad; CPU OS 17_0 like Mac OS X) AppleWebKit/605.1.15"
192.168.1.5 - frank [15/Jan/2024:12:39:08 +0000] "GET /css/style.css HTTP/1.1" 200 1645 "-" "Mozilla/5.0 (Windows NT 10.0; Win64; x64) AppleWebKit/537.36 (KHTML, like Gecko) Chrome/120.0.0.0 Safari/537.36"
192.168.1.5 - frank [15/Jan/2024:12:39:13 +0000] "GET /api/data HTTP/1.1" 200 2693 "-" "Mozilla/5.0 (Windows NT 10.0; Win64; x64) AppleWebKit/537.36 (KHTML, like Gecko) Chrome/120.0.0.0 Safari/537.36"
172.16.1.25 - - [15/Jan/2024:12:39:22 +0000] "GET /sitemap.xml HTTP/1.1" 200 16125 "-" "Mozilla/5.0 (Windows NT 10.0; Win64; x64; rv:120.0) Gecko/20100101 Firefox/120.0"
203.0.113.195 - - [15/Jan/2024:14:06:00 +0000] "GET / HTTP/1.1" 200 512 "-" "Mozilla/5.0"
203.0.113.195 - - [15/Jan/2024:14:06:00 +0000] "GET / HTTP/1.1" 200 512 "-" "Mozilla/5.0"
203.0.113.195 - - [15/Jan/2024:14:06:00 +0000] "GET / HTTP/1.1" 200 512 "-" "Mozilla/5.0"
203.0.113.195 - - [15/Jan/2024:14:06:00 +0000] "GET / HTTP/1.1" 200 512 "-" "Mozilla/5.0"
203.0.113.195 - - [15/Jan/2024:14:06:00 +0000] "GET / HTTP/1.1" 200 512 "-" "Mozilla/5.0"
203.0.113.195 - - [15/Jan/2024:14:06:00 +0000] "GET / HTTP/1.1" 200 512 "-" "Mozilla/5.0"
203.0.113.195 - - [15/Jan/2024:14:06:00 +0000] "GET / HTTP/1.1" 200 512 "-" "Mozilla/5.0"
203.0.113.195 - - [15/Jan/2024:14:06:00 +0000] "GET / HTTP/1.1" 200 512 "-" "Mozilla/5.0"
203.0.113.195 - - [15/Jan/2024:14:06:00 +0000] "GET / HTTP/1.1" 200 512 "-" "Mozilla/5.0"
203.0.113.195 - - [15/Jan/2024:14:06:00 +0000] "GET / HTTP/1.1" 200 512 "-" "Mozilla/5.0"
203.0.113.195 - - [15/Jan/2024:14:06:00 +0000] "GET / HTTP/1.1" 200 512 "-" "Mozilla/5.0"
203.0.113.195 - - [15/Jan/2024:14:06:00 +0000] "GET / HTTP/1.1" 200 512 "-" "Mozilla/5.0"
203.0.113.195 - - [15/Jan/2024:14:06:00 +0000] "GET / HTTP/1.1" 200 512 "-" "Mozilla/5.0"
203.0.113.195 - - [15/Jan/2024:14:06:00 +0000] "GET / HTTP/1.1" 200 512 "-" "Mozilla/5.0"
203.0.113.195 - - [15/Jan/2024:14:06:00 +0000] "GET / HTTP/1.1" 200 512 "-" "Mozilla/5.0"
203.0.113.195 - - [15/Jan/2024:14:06:00 +0000] "GET / HTTP/1.1" 200 512 "-" "Mozilla/5.0"
203.0.113.195 - - [15/Jan/2024:14:06:00 +0000] "GET / HTTP/1.1" 200 512 "-" "Mozilla/5.0"
203.0.113.195 - - [15/Jan/2024:14:06:00 +0000] "GET / HTTP/1.1" 200 512 "-" "Mozilla/5.0"
203.0.113.195 - - [15/Jan/2024:14:06:00 +0000] "GET / HTTP/1.1" 200 512 "-" "Mozilla/5.0"
203.0.113.195 - - [15/Jan/2024:14:06:00 +0000] "GET / HTTP/1.1" 200 512 "-" "Mozilla/5.0"
203.0.113.195 - - [15/Jan/2024:14:06:01 +0000] "GET / HTTP/1.1" 200 512 "-" "Mozilla/5.0"
203.0.113.195 - - [15/Jan/2024:14:06:01 +0000] "GET / HTTP/1.1" 200 512 "-" "Mozilla/5.0"
203.0.113.195 - - [15/Jan/2024:14:06:01 +0000] "GET / HTTP/1.1" 200 512 "-" "Mozilla/5.0"
203.0.113.195 - - [15/Jan/2024:14:06:01 +0000] "GET / HTTP/1.1" 200 512 "-" "Mozilla/5.0"
203.0.113.195 - - [15/Jan/2024:14:06:01 +0000] "GET / HTTP/1.1" 200 512 "-" "Mozilla/5.0"
203.0.113.195 - - [15/Jan/2024:14:06:01 +0000] "GET / HTTP/1.1" 200 512 "-" "Mozilla/5.0"
203.0.113.195 - - [15/Jan/2024:14:06:01 +0000] "GET / HTTP/1.1" 200 512 "-" "Mozilla/5.0"
203.0.113.195 - - [15/Jan/2024:14:06:01 +0000] "GET / HTTP/1.1" 200 512 "-" "Mozilla/5.0"
203.0.113.195 - - [15/Jan/2024:14:06:01 +0000] "GET / HTTP/1.1" 200 512 "-" "Mozilla/5.0"
203.0.113.195 - - [15/Jan/2024:14:06:01 +0000] "GET / HTTP/1.1" 200 512 "-" "Mozilla/5.0"
203.0.113.195 - - [15/Jan/2024:14:06:01 +0000] "GET / HTTP/1.1" 200 512 "-" "Mozilla/5.0"
203.0.113.195 - - [15/Jan/2024:14:06:01 +0000] "GET / HTTP/1.1" 200 512 "-" "Mozilla/5.0"
203.0.113.195 - - [15/Jan/2024:14:06:01 +0000] "GET / HTTP/1.1" 200 512 "-" "Mozilla/5.0"
203.0.113.195 - - [15/Jan/2024:14:06:01 +0000] "GET / HTTP/1.1" 200 512 "-" "Mozilla/5.0"
203.0.113.195 - - [15/Jan/2024:14:06:01 +0000] "GET / HTTP/1.1" 200 512 "-" "Mozilla/5.0"
203.0.113.195 - - [15/Jan/2024:14:06:01 +0000] "GET / HTTP/1.1" 200 512 "-" "Mozilla/5.0"
203.0.113.195 - - [15/Jan/2024:14:06:01 +0000] "GET / HTTP/1.1" 200 512 "-" "Mozilla/5.0"
203.0.113.195 - - [15/Jan/2024:14:06:01 +0000] "GET / HTTP/1.1" 200 512 "-" "Mozilla/5.0"
203.0.113.195 - - [15/Jan/2024:14:06:01 +0000] "GET / HTTP/1.1" 200 512 "-" "Mozilla/5.0"
203.0.113.195 - - [15/Jan/2024:14:06:01 +0000] "GET / HTTP/1.1" 200 512 "-" "Mozilla/5.0"
203.0.113.195 - - [15/Jan/2024:14:06:02 +0000] "GET / HTTP/1.1" 200 512 "-" "Mozilla/5.0"
203.0.113.195 - - [15/Jan/2024:14:06:02 +0000] "GET / HTTP/1.1" 200 512 "-" "Mozilla/5.0"
203.0.113.195 - - [15/Jan/2024:14:06:02 +0000] "GET / HTTP/1.1" 200 512 "-" "Mozilla/5.0"
203.0.113.195 - - [15/Jan/2024:14:06:02 +0000] "GET / HTTP/1.1" 200 512 "-" "Mozilla/5.0"
203.0.113.195 - - [15/Jan/2024:14:06:02 +0000] "GET / HTTP/1.1" 200 512 "-" "Mozilla/5.0"
203.0.113.195 - - [15/Jan/2024:14:06:02 +0000] "GET / HTTP/1.1" 200 512 "-" "Mozilla/5.0"
203.0.113.195 - - [15/Jan/2024:14:06:02 +0000] "GET / HTTP/1.1" 200 512 "-" "Mozilla/5.0"
203.0.113.195 - - [15/Jan/2024:14:06:02 +0000] "GET / HTTP/1.1" 200 512 "-" "Mozilla/5.0"
203.0.113.195 - - [15/Jan/2024:14:06:02 +0000] "GET / HTTP/1.1" 200 512 "-" "Mozilla/5.0"
203.0.113.195 - - [15/Jan/2024:14:06:02 +0000] "GET / HTTP/1.1" 200 512 "-" "Mozilla/5.0"
203.0.113.195 - - [15/Jan/2024:14:06:02 +0000] "GET / HTTP/1.1" 200 512 "-" "Mozilla/5.0"
203.0.113.195 - - [15/Jan/2024:14:06:02 +0000] "GET / HTTP/1.1" 200 512 "-" "Mozilla/5.0"
203.0.113.195 - - [15/Jan/2024:14:06:02 +0000] "GET / HTTP/1.1" 200 512 "-" "Mozilla/5.0"
203.0.113.195 - - [15/Jan/2024:14:06:02 +0000] "GET / HTTP/1.1" 200 512 "-" "Mozilla/5.0"
203.0.113.195 - - [15/Jan/2024:14:06:02 +0000] "GET / HTTP/1.1" 200 512 "-" "Mozilla/5.0"
203.0.113.195 - - [15/Jan/2024:14:06:02 +0000] "GET / HTTP/1.1" 200 512 "-" "Mozilla/5.0"
203.0.113.195 - - [15/Jan/2024:14:06:02 +0000] "GET / HTTP/1.1" 200 512 "-" "Mozilla/5.0"
203.0.113.195 - - [15/Jan/2024:14:06:02 +0000] "GET / HTTP/1.1" 200 512 "-" "Mozilla/5.0"
203.0.113.195 - - [15/Jan/2024:14:06:03 +0000] "GET / HTTP/1.1" 200 512 "-" "Mozilla/5.0"
203.0.113.195 - - [15/Jan/2024:14:06:03 +0000] "GET / HTTP/1.1" 200 512 "-" "Mozilla/5.0"
203.0.113.195 - - [15/Jan/2024:14:06:03 +0000] "GET / HTTP/1.1" 200 512 "-" "Mozilla/5.0"
203.0.113.195 - - [15/Jan/2024:14:06:03 +0000] "GET / HTTP/1.1" 200 512 "-" "Mozilla/5.0"
203.0.113.195 - - [15/Jan/2024:14:06:03 +0000] "GET / HTTP/1.1" 200 512 "-" "Mozilla/5.0"
203.0.113.195 - - [15/Jan/2024:14:06:03 +0000] "GET / HTTP/1.1" 200 512 "-" "Mozilla/5.0"
203.0.113.195 - - [15/Jan/2024:14:06:03 +0000] "GET / HTTP/1.1" 200 512 "-" "Mozilla/5.0"
203.0.113.195 - - [15/Jan/2024:14:06:03 +0000] "GET / HTTP/1.1" 200 512 "-" "Mozilla/5.0"
203.0.113.195 - - [15/Jan/2024:14:06:03 +0000] "GET / HTTP/1.1" 200 512 "-" "Mozilla/5.0"
203.0.113.195 - - [15/Jan/2024:14:06:03 +0000] "GET / HTTP/1.1" 200 512 "-" "Mozilla/5.0"
203.0.113.195 - - [15/Jan/2024:14:06:03 +0000] "GET / HTTP/1.1" 200 512 "-" "Mozilla/5.0"
203.0.113.195 - - [15/Jan/2024:14:06:03 +0000] "GET / HTTP/1.1" 200 512 "-" "Mozilla/5.0"
203.0.113.195 - - [15/Jan/2024:14:06:03 +0000] "GET / HTTP/1.1" 200 512 "-" "Mozilla/5.0"
203.0.113.195 - - [15/Jan/2024:14:06:03 +0000] "GET / HTTP/1.1" 200 512 "-" "Mozilla/5.0"
203.0.113.195 - - [15/Jan/2024:14:06:03 +0000] "GET / HTTP/1.1" 200 512 "-" "Mozilla/5.0"
203.0.113.195 - - [15/Jan/2024:14:06:03 +0000] "GET / HTTP/1.1" 200 512 "-" "Mozilla/5.0"
203.0.113.195 - - [15/Jan/2024:14:06:03 +0000] "GET / HTTP/1.1" 200 512 "-" "Mozilla/5.0"
203.0.113.195 - - [15/Jan/2024:14:06:03 +0000] "GET / HTTP/1.1" 200 512 "-" "Mozilla/5.0"
203.0.113.195 - - [15/Jan/2024:14:06:03 +0000] "GET / HTTP/1.1" 200 512 "-" "Mozilla/5.0"
203.0.113.195 - - [15/Jan/2024:14:06:03 +0000] "GET / HTTP/1.1" 200 512 "-" "Mozilla/5.0"
203.0.113.195 - - [15/Jan/2024:14:06:03 +0000] "GET / HTTP/1.1" 200 512 "-" "Mozilla/5.0"
203.0.113.195 - - [15/Jan/2024:14:06:03 +0000] "GET / HTTP/1.1" 200 512 "-" "Mozilla/5.0"
203.0.113.195 - - [15/Jan/2024:14:06:04 +0000] "GET / HTTP/1.1" 200 512 "-" "Mozilla/5.0"
203.0.113.195 - - [15/Jan/2024:14:06:04 +0000] "GET / HTTP/1.1" 200 512 "-" "Mozilla/5.0"
203.0.113.195 - - [15/Jan/2024:14:06:04 +0000] "GET / HTTP/1.1" 200 512 "-" "Mozilla/5.0"
203.0.113.195 - - [15/Jan/2024:14:06:04 +0000] "GET / HTTP/1.1" 200 512 "-" "Mozilla/5.0"
203.0.113.195 - - [15/Jan/2024:14:06:04 +0000] "GET / HTTP/1.1" 200 512 "-" "Mozilla/5.0"
203.0.113.195 - - [15/Jan/2024:14:06:04 +0000] "GET / HTTP/1.1" 200 512 "-" "Mozilla/5.0"
203.0.113.195 - - [15/Jan/2024:14:06:04 +0000] "GET / HTTP/1.1" 200 512 "-" "Mozilla/5.0"
203.0.113.195 - - [15/Jan/2024:14:06:04 +0000] "GET / HTTP/1.1" 200 512 "-" "Mozilla/5.0"
203.0.113.195 - - [15/Jan/2024:14:06:04 +0000] "GET / HTTP/1.1" 200 512 "-" "Mozilla/5.0"
203.0.113.195 - - [15/Jan/2024:14:06:04 +0000] "GET / HTTP/1.1" 200 512 "-" "Mozilla/5.0"
203.0.113.195 - - [15/Jan/2024:14:06:04 +0000] "GET / HTTP/1.1" 200 512 "-" "Mozilla/5.0"
203.0.113.195 - - [15/Jan/2024:14:06:04 +0000] "GET / HTTP/1.1" 200 512 "-" "Mozilla/5.0"
203.0.113.195 - - [15/Jan/2024:14:06:04 +0000] "GET / HTTP/1.1" 200 512 "-" "Mozilla/5.0"
203.0.113.195 - - [15/Jan/2024:14:06:04 +0000] "GET / HTTP/1.1" 200 512 "-" "Mozilla/5.0"
203.0.113.195 - - [15/Jan/2024:14:06:04 +0000] "GET / HTTP/1.1" 200 512 "-" "Mozilla/5.0"
203.0.113.195 - - [15/Jan/2024:14:06:04 +0000] "GET / HTTP/1.1" 200 512 "-" "Mozilla/5.0"
203.0.113.195 - - [15/Jan/2024:14:06:04 +0000] "GET / HTTP/1.1" 200 512 "-" "Mozilla/5.0"
203.0.113.195 - - [15/Jan/2024:14:06:04 +0000] "GET / HTTP/1.1" 200 512 "-" "Mozilla/5.0"
203.0.113.195 - - [15/Jan/2024:14:06:04 +0000] "GET / HTTP/1.1" 200 512 "-" "Mozilla/5.0"
203.0.113.195 - - [15/Jan/2024:14:06:05 +0000] "GET / HTTP/1.1" 200 512 "-" "Mozilla/5.0"
203.0.113.195 - - [15/Jan/2024:14:06:05 +0000] "GET / HTTP/1.1" 200 512 "-" "Mozilla/5.0"
203.0.113.195 - - [15/Jan/2024:14:06:05 +0000] "GET / HTTP/1.1" 200 512 "-" "Mozilla/5.0"
203.0.113.195 - - [15/Jan/2024:14:06:05 +0000] "GET / HTTP/1.1" 200 512 "-" "Mozilla/5.0"
203.0.113.195 - - [15/Jan/2024:14:06:05 +0000] "GET / HTTP/1.1" 200 512 "-" "Mozilla/5.0"
203.0.113.195 - - [15/Jan/2024:14:06:05 +0000] "GET / HTTP/1.1" 200 512 "-" "Mozilla/5.0"
203.0.113.195 - - [15/Jan/2024:14:06:05 +0000] "GET / HTTP/1.1" 200 512 "-" "Mozilla/5.0"
203.0.113.195 - - [15/Jan/2024:14:06:05 +0000] "GET / HTTP/1.1" 200 512 "-" "Mozilla/5.0"
203.0.113.195 - - [15/Jan/2024:14:06:05 +0000] "GET / HTTP/1.1" 200 512 "-" "Mozilla/5.0"
203.0.113.195 - - [15/Jan/2024:14:06:05 +0000] "GET / HTTP/1.1" 200 512 "-" "Mozilla/5.0"
203.0.113.195 - - [15/Jan/2024:14:06:05 +0000] "GET / HTTP/1.1" 200 512 "-" "Mozilla/5.0"
203.0.113.195 - - [15/Jan/2024:14:06:05 +0000] "GET / HTTP/1.1" 200 512 "-" "Mozilla/5.0"
203.0.113.195 - - [15/Jan/2024:14:06:05 +0000] "GET / HTTP/1.1" 200 512 "-" "Mozilla/5.0"
203.0.113.195 - - [15/Jan/2024:14:06:05 +0000] "GET / HTTP/1.1" 200 512 "-" "Mozilla/5.0"
203.0.113.195 - - [15/Jan/2024:14:06:05 +0000] "GET / HTTP/1.1" 200 512 "-" "Mozilla/5.0"
203.0.113.195 - - [15/Jan/2024:14:06:05 +0000] "GET / HTTP/1.1" 200 512 "-" "Mozilla/5.0"
203.0.113.195 - - [15/Jan/2024:14:06:05 +0000] "GET / HTTP/1.1" 200 512 "-" "Mozilla/5.0"
203.0.113.195 - - [15/Jan/2024:14:06:05 +0000] "GET / HTTP/1.1" 200 512 "-" "Mozilla/5.0"
203.0.113.195 - - [15/Jan/2024:14:06:05 +0000] "GET / HTTP/1.1" 200 512 "-" "Mozilla/5.0"
203.0.113.195 - - [15/Jan/2024:14:06:05 +0000] "GET / HTTP/1.1" 200 512 "-" "Mozilla/5.0"
203.0.113.195 - - [15/Jan/2024:14:06:05 +0000] "GET / HTTP/1.1" 200 512 "-" "Mozilla/5.0"
203.0.113.195 - - [15/Jan/2024:14:06:06 +0000] "GET / HTTP/1.1" 200 512 "-" "Mozilla/5.0"
203.0.113.195 - - [15/Jan/2024:14:06:06 +0000] "GET / HTTP/1.1" 200 512 "-" "Mozilla/5.0"
203.0.113.195 - - [15/Jan/2024:14:06:06 +0000] "GET / HTTP/1.1" 200 512 "-" "Mozilla/5.0"
203.0.113.195 - - [15/Jan/2024:14:06:06 +0000] "GET / HTTP/1.1" 200 512 "-" "Mozilla/5.0"
203.0.113.195 - - [15/Jan/2024:14:06:06 +0000] "GET / HTTP/1.1" 200 512 "-" "Mozilla/5.0"
203.0.113.195 - - [15/Jan/2024:14:06:06 +0000] "GET / HTTP/1.1" 200 512 "-" "Mozilla/5.0"
203.0.113.195 - - [15/Jan/2024:14:06:06 +0000] "GET / HTTP/1.1" 200 512 "-" "Mozilla/5.0"
203.0.113.195 - - [15/Jan/2024:14:06:06 +0000] "GET / HTTP/1.1" 200 512 "-" "Mozilla/5.0"
203.0.113.195 - - [15/Jan/2024:14:06:06 +0000] "GET / HTTP/1.1" 200 512 "-" "Mozilla/5.0"
203.0.113.195 - - [15/Jan/2024:14:06:06 +0000] "GET / HTTP/1.1" 200 512 "-" "Mozilla/5.0"
203.0.113.195 - - [15/Jan/2024:14:06:06 +0000] "GET / HTTP/1.1" 200 512 "-" "Mozilla/5.0"
203.0.113.195 - - [15/Jan/2024:14:06:06 +0000] "GET / HTTP/1.1" 200 512 "-" "Mozilla/5.0"
203.0.113.195 - - [15/Jan/2024:14:06:06 +0000] "GET / HTTP/1.1" 200 512 "-" "Mozilla/5.0"
203.0.113.195 - - [15/Jan/2024:14:06:06 +0000] "GET / HTTP/1.1" 200 512 "-" "Mozilla/5.0"
203.0.113.195 - - [15/Jan/2024:14:06:06 +0000] "GET / HTTP/1.1" 200 512 "-" "Mozilla/5.0"
203.0.113.195 - - [15/Jan/2024:14:06:06 +0000] "GET / HTTP/1.1" 200 512 "-" "Mozilla/5.0"
203.0.113.195 - - [15/Jan/2024:14:06:06 +0000] "GET / HTTP/1.1" 200 512 "-" "Mozilla/5.0"
203.0.113.195 - - [15/Jan/2024:14:06:06 +0000] "GET / HTTP/1.1" 200 512 "-" "Mozilla/5.0"
203.0.113.195 - - [15/Jan/2024:14:06:07 +0000] "GET / HTTP/1.1" 200 512 "-" "Mozilla/5.0"
203.0.113.195 - - [15/Jan/2024:14:06:07 +0000] "GET / HTTP/1.1" 200 512 "-" "Mozilla/5.0"
203.0.113.195 - - [15/Jan/2024:14:06:07 +0000] "GET / HTTP/1.1" 200 512 "-" "Mozilla/5.0"
203.0.113.195 - - [15/Jan/2024:14:06:07 +0000] "GET / HTTP/1.1" 200 512 "-" "Mozilla/5.0"
203.0.113.195 - - [15/Jan/2024:14:06:07 +0000] "GET / HTTP/1.1" 200 512 "-" "Mozilla/5.0"
203.0.113.195 - - [15/Jan/2024:14:06:07 +0000] "GET / HTTP/1.1" 200 512 "-" "Mozilla/5.0"
203.0.113.195 - - [15/Jan/2024:14:06:07 +0000] "GET / HTTP/1.1" 200 512 "-" "Mozilla/5.0"
203.0.113.195 - - [15/Jan/2024:14:06:07 +0000] "GET / HTTP/1.1" 200 512 "-" "Mozilla/5.0"
203.0.113.195 - - [15/Jan/2024:14:06:07 +0000] "GET / HTTP/1.1" 200 512 "-" "Mozilla/5.0"
203.0.113.195 - - [15/Jan/2024:14:06:07 +0000] "GET / HTTP/1.1" 200 512 "-" "Mozilla/5.0"
203.0.113.195 - - [15/Jan/2024:14:06:07 +0000] "GET / HTTP/1.1" 200 512 "-" "Mozilla/5.0"
203.0.113.195 - - [15/Jan/2024:14:06:07 +0000] "GET / HTTP/1.1" 200 512 "-" "Mozilla/5.0"
203.0.113.195 - - [15/Jan/2024:14:06:07 +0000] "GET / HTTP/1.1" 200 512 "-" "Mozilla/5.0"
203.0.113.195 - - [15/Jan/2024:14:06:07 +0000] "GET / HTTP/1.1" 200 512 "-" "Mozilla/5.0"
203.0.113.195 - - [15/Jan/2024:14:06:07 +0000] "GET / HTTP/1.1" 200 512 "-" "Mozilla/5.0"
203.0.113.195 - - [15/Jan/2024:14:06:07 +0000] "GET / HTTP/1.1" 200 512 "-" "Mozilla/5.0"
203.0.113.195 - - [15/Jan/2024:14:06:07 +0000] "GET / HTTP/1.1" 200 512 "-" "Mozilla/5.0"
203.0.113.195 - - [15/Jan/2024:14:06:07 +0000] "GET / HTTP/1.1" 200 512 "-" "Mozilla/5.0"
203.0.113.195 - - [15/Jan/2024:14:06:07 +0000] "GET / HTTP/1.1" 200 512 "-" "Mozilla/5.0"
203.0.113.195 - - [15/Jan/2024:14:06:08 +0000] "GET / HTTP/1.1" 200 512 "-" "Mozilla/5.0"
203.0.113.195 - - [15/Jan/2024:14:06:08 +0000] "GET / HTTP/1.1" 200 512 "-" "Mozilla/5.0"
203.0.113.195 - - [15/Jan/2024:14:06:08 +0000] "GET / HTTP/1.1" 200 512 "-" "Mozilla/5.0"
203.0.113.195 - - [15/Jan/2024:14:06:08 +0000] "GET / HTTP/1.1" 200 512 "-" "Mozilla/5.0"
203.0.113.195 - - [15/Jan/2024:14:06:08 +0000] "GET / HTTP/1.1" 200 512 "-" "Mozilla/5.0"
203.0.113.195 - - [15/Jan/2024:14:06:08 +0000] "GET / HTTP/1.1" 200 512 "-" "Mozilla/5.0"
203.0.113.195 - - [15/Jan/2024:14:06:08 +0000] "GET / HTTP/1.1" 200 512 "-" "Mozilla/5.0"
203.0.113.195 - - [15/Jan/2024:14:06:08 +0000] "GET / HTTP/1.1" 200 512 "-" "Mozilla/5.0"
203.0.113.195 - - [15/Jan/2024:14:06:08 +0000] "GET / HTTP/1.1" 200 512 "-" "Mozilla/5.0"
203.0.113.195 - - [15/Jan/2024:14:06:08 +0000] "GET / HTTP/1.1" 200 512 "-" "Mozilla/5.0"
203.0.113.195 - - [15/Jan/2024:14:06:08 +0000] "GET / HTTP/1.1" 200 512 "-" "Mozilla/5.0"
203.0.113.195 - - [15/Jan/2024:14:06:08 +0000] "GET / HTTP/1.1" 200 512 "-" "Mozilla/5.0"
203.0.113.195 - - [15/Jan/2024:14:06:08 +0000] "GET / HTTP/1.1" 200 512 "-" "Mozilla/5.0"
203.0.113.195 - - [15/Jan/2024:14:06:08 +0000] "GET / HTTP/1.1" 200 512 "-" "Mozilla/5.0"
203.0.113.195 - - [15/Jan/2024:14:06:08 +0000] "GET / HTTP/1.1" 200 512 "-" "Mozilla/5.0"
203.0.113.195 - - [15/Jan/2024:14:06:08 +0000] "GET / HTTP/1.1" 200 512 "-" "Mozilla/5.0"
203.0.113.195 - - [15/Jan/2024:14:06:08 +0000] "GET / HTTP/1.1" 200 512 "-" "Mozilla/5.0"
203.0.113.195 - - [15/Jan/2024:14:06:09 +0000] "GET / HTTP/1.1" 200 512 "-" "Mozilla/5.0"
203.0.113.195 - - [15/Jan/2024:14:06:09 +0000] "GET / HTTP/1.1" 200 512 "-" "Mozilla/5.0"
203.0.113.195 - - [15/Jan/2024:14:06:09 +0000] "GET / HTTP/1.1" 200 512 "-" "Mozilla/5.0"
203.0.113.195 - - [15/Jan/2024:14:06:09 +0000] "GET / HTTP/1.1" 200 512 "-" "Mozilla/5.0"
203.0.113.195 - - [15/Jan/2024:14:06:09 +0000] "GET / HTTP/1.1" 200 512 "-" "Mozilla/5.0"
203.0.113.195 - - [15/Jan/2024:14:06:09 +0000] "GET / HTTP/1.1" 200 512 "-" "Mozilla/5.0"
203.0.113.195 - - [15/Jan/2024:14:06:09 +0000] "GET / HTTP/1.1" 200 512 "-" "Mozilla/5.0"
203.0.113.195 - - [15/Jan/2024:14:06:09 +0000] "GET / HTTP/1.1" 200 512 "-" "Mozilla/5.0"
203.0.113.195 - - [15/Jan/2024:14:06:09 +0000] "GET / HTTP/1.1" 200 512 "-" "Mozilla/5.0"
203.0.113.195 - - [15/Jan/2024:14:06:09 +0000] "GET / HTTP/1.1" 200 512 "-" "Mozilla/5.0"
203.0.113.195 - - [15/Jan/2024:14:06:09 +0000] "GET / HTTP/1.1" 200 512 "-" "Mozilla/5.0"
203.0.113.195 - - [15/Jan/2024:14:06:09 +0000] "GET / HTTP/1.1" 200 512 "-" "Mozilla/5.0"
203.0.113.195 - - [15/Jan/2024:14:06:09 +0000] "GET / HTTP/1.1" 200 512 "-" "Mozilla/5.0"
203.0.113.195 - - [15/Jan/2024:14:06:09 +0000] "GET / HTTP/1.1" 200 512 "-" "Mozilla/5.0"
203.0.113.195 - - [15/Jan/2024:14:06:09 +0000] "GET / HTTP/1.1" 200 512 "-" "Mozilla/5.0"
203.0.113.195 - - [15/Jan/2024:14:06:09 +0000] "GET / HTTP/1.1" 200 512 "-" "Mozilla/5.0"
203.0.113.195 - - [15/Jan/2024:14:06:09 +0000] "GET / HTTP/1.1" 200 512 "-" "Mozilla/5.0"
203.0.113.195 - - [15/Jan/2024:14:06:09 +0000] "GET / HTTP/1.1" 200 512 "-" "Mozilla/5.0"
203.0.113.195 - - [15/Jan/2024:14:06:09 +0000] "GET / HTTP/1.1" 200 512 "-" "Mozilla/5.0"
203.0.113.195 - - [15/Jan/2024:14:06:09 +0000] "GET / HTTP/1.1" 200 512 "-" "Mozilla/5.0"
203.0.113.195 - - [15/Jan/2024:14:06:09 +0000] "GET / HTTP/1.1" 200 512 "-" "Mozilla/5.0"
203.0.113.195 - - [15/Jan/2024:14:06:10 +0000] "GET / HTTP/1.1" 200 512 "-" "Mozilla/5.0"
203.0.113.195 - - [15/Jan/2024:14:06:10 +0000] "GET / HTTP/1.1" 200 512 "-" "Mozilla/5.0"
203.0.113.195 - - [15/Jan/2024:14:06:10 +0000] "GET / HTTP/1.1" 200 512 "-" "Mozilla/5.0"
203.0.113.195 - - [15/Jan/2024:14:06:10 +0000] "GET / HTTP/1.1" 200 512 "-" "Mozilla/5.0"
203.0.113.195 - - [15/Jan/2024:14:06:10 +0000] "GET / HTTP/1.1" 200 512 "-" "Mozilla/5.0"
203.0.113.195 - - [15/Jan/2024:14:06:10 +0000] "GET / HTTP/1.1" 200 512 "-" "Mozilla/5.0"
203.0.113.195 - - [15/Jan/2024:14:06:10 +0000] "GET / HTTP/1.1" 200 512 "-" "Mozilla/5.0"
203.0.113.195 - - [15/Jan/2024:14:06:10 +0000] "GET / HTTP/1.1" 200 512 "-" "Mozilla/5.0"
203.0.113.195 - - [15/Jan/2024:14:06:10 +0000] "GET / HTTP/1.1" 200 512 "-" "Mozilla/5.0"
203.0.113.195 - - [15/Jan/2024:14:06:10 +0000] "GET / HTTP/1.1" 200 512 "-" "Mozilla/5.0"
203.0.113.195 - - [15/Jan/2024:14:06:10 +0000] "GET / HTTP/1.1" 200 512 "-" "Mozilla/5.0"
203.0.113.195 - - [15/Jan/2024:14:06:10 +0000] "GET / HTTP/1.1" 200 512 "-" "Mozilla/5.0"
203.0.113.195 - - [15/Jan/2024:14:06:10 +0000] "GET / HTTP/1.1" 200 512 "-" "Mozilla/5.0"
203.0.113.195 - - [15/Jan/2024:14:06:10 +0000] "GET / HTTP/1.1" 200 512 "-" "Mozilla/5.0"
203.0.113.195 - - [15/Jan/2024:14:06:10 +0000] "GET / HTTP/1.1" 200 512 "-" "Mozilla/5.0"
203.0.113.195 - - [15/Jan/2024:14:06:10 +0000] "GET / HTTP/1.1" 200 512 "-" "Mozilla/5.0"
203.0.113.195 - - [15/Jan/2024:14:06:10 +0000] "GET / HTTP/1.1" 200 512 "-" "Mozilla/5.0"
203.0.113.195 - - [15/Jan/2024:14:06:10 +0000] "GET / HTTP/1.1" 200 512 "-" "Mozilla/5.0"
203.0.113.195 - - [15/Jan/2024:14:06:10 +0000] "GET / HTTP/1.1" 200 512 "-" "Mozilla/5.0"
203.0.113.195 - - [15/Jan/2024:14:06:10 +0000] "GET / HTTP/1.1" 200 512 "-" "Mozilla/5.0"
203.0.113.195 - - [15/Jan/2024:14:06:11 +0000] "GET / HTTP/1.1" 200 512 "-" "Mozilla/5.0"
203.0.113.195 - - [15/Jan/2024:14:06:11 +0000] "GET / HTTP/1.1" 200 512 "-" "Mozilla/5.0"
203.0.113.195 - - [15/Jan/2024:14:06:11 +0000] "GET / HTTP/1.1" 200 512 "-" "Mozilla/5.0"
203.0.113.195 - - [15/Jan/2024:14:06:11 +0000] "GET / HTTP/1.1" 200 512 "-" "Mozilla/5.0"
203.0.113.195 - - [15/Jan/2024:14:06:11 +0000] "GET / HTTP/1.1" 200 512 "-" "Mozilla/5.0"
203.0.113.195 - - [15/Jan/2024:14:06:11 +0000] "GET / HTTP/1.1" 200 512 "-" "Mozilla/5.0"
203.0.113.195 - - [15/Jan/2024:14:06:11 +0000] "GET / HTTP/1.1" 200 512 "-" "Mozilla/5.0"
203.0.113.195 - - [15/Jan/2024:14:06:11 +0000] "GET / HTTP/1.1" 200 512 "-" "Mozilla/5.0"
203.0.113.195 - - [15/Jan/2024:14:06:11 +0000] "GET / HTTP/1.1" 200 512 "-" "Mozilla/5.0"
203.0.113.195 - - [15/Jan/2024:14:06:11 +0000] "GET / HTTP/1.1" 200 512 "-" "Mozilla/5.0"
203.0.113.195 - - [15/Jan/2024:14:06:11 +0000] "GET / HTTP/1.1" 200 512 "-" "Mozilla/5.0"
203.0.113.195 - - [15/Jan/2024:14:06:11 +0000] "GET / HTTP/1.1" 200 512 "-" "Mozilla/5.0"
203.0.113.195 - - [15/Jan/2024:14:06:11 +0000] "GET / HTTP/1.1" 200 512 "-" "Mozilla/5.0"
203.0.113.195 - - [15/Jan/2024:14:06:11 +0000] "GET / HTTP/1.1" 200 512 "-" "Mozilla/5.0"
203.0.113.195 - - [15/Jan/2024:14:06:11 +0000] "GET / HTTP/1.1" 200 512 "-" "Mozilla/5.0"
203.0.113.195 - - [15/Jan/2024:14:06:11 +0000] "GET / HTTP/1.1" 200 512 "-" "Mozilla/5.0"
203.0.113.195 - - [15/Jan/2024:14:06:11 +0000] "GET / HTTP/1.1" 200 512 "-" "Mozilla/5.0"
203.0.113.195 - - [15/Jan/2024:14:06:11 +0000] "GET / HTTP/1.1" 200 512 "-" "Mozilla/5.0"
203.0.113.195 - - [15/Jan/2024:14:06:12 +0000] "GET / HTTP/1.1" 200 512 "-" "Mozilla/5.0"
203.0.113.195 - - [15/Jan/2024:14:06:12 +0000] "GET / HTTP/1.1" 200 512 "-" "Mozilla/5.0"
203.0.113.195 - - [15/Jan/2024:14:06:12 +0000] "GET / HTTP/1.1" 200 512 "-" "Mozilla/5.0"
203.0.113.195 - - [15/Jan/2024:14:06:12 +0000] "GET / HTTP/1.1" 200 512 "-" "Mozilla/5.0"
203.0.113.195 - - [15/Jan/2024:14:06:12 +0000] "GET / HTTP/1.1" 200 512 "-" "Mozilla/5.0"
203.0.113.195 - - [15/Jan/2024:14:06:12 +0000] "GET / HTTP/1.1" 200 512 "-" "Mozilla/5.0"
203.0.113.195 - - [15/Jan/2024:14:06:12 +0000] "GET / HTTP/1.1" 200 512 "-" "Mozilla/5.0"
203.0.113.195 - - [15/Jan/2024:14:06:12 +0000] "GET / HTTP/1.1" 200 512 "-" "Mozilla/5.0"
203.0.113.195 - - [15/Jan/2024:14:06:12 +0000] "GET / HTTP/1.1" 200 512 "-" "Mozilla/5.0"
203.0.113.195 - - [15/Jan/2024:14:06:12 +0000] "GET / HTTP/1.1" 200 512 "-" "Mozilla/5.0"
203.0.113.195 - - [15/Jan/2024:14:06:12 +0000] "GET / HTTP/1.1" 200 512 "-" "Mozilla/5.0"
203.0.113.195 - - [15/Jan/2024:14:06:12 +0000] "GET / HTTP/1.1" 200 512 "-" "Mozilla/5.0"
203.0.113.195 - - [15/Jan/2024:14:06:12 +0000] "GET / HTTP/1.1" 200 512 "-" "Mozilla/5.0"
203.0.113.195 - - [15/Jan/2024:14:06:12 +0000] "GET / HTTP/1.1" 200 512 "-" "Mozilla/5.0"
203.0.113.195 - - [15/Jan/2024:14:06:12 +0000] "GET / HTTP/1.1" 200 512 "-" "Mozilla/5.0"
203.0.113.195 - - [15/Jan/2024:14:06:12 +0000] "GET / HTTP/1.1" 200 512 "-" "Mozilla/5.0"
203.0.113.195 - - [15/Jan/2024:14:06:12 +0000] "GET / HTTP/1.1" 200 512 "-" "Mozilla/5.0"
203.0.113.195 - - [15/Jan/2024:14:06:12 +0000] "GET / HTTP/1.1" 200 512 "-" "Mozilla/5.0"
203.0.113.195 - - [15/Jan/2024:14:06:12 +0000] "GET / HTTP/1.1" 200 512 "-" "Mozilla/5.0"
203.0.113.195 - - [15/Jan/2024:14:06:12 +0000] "GET / HTTP/1.1" 200 512 "-" "Mozilla/5.0"
203.0.113.195 - - [15/Jan/2024:14:06:13 +0000] "GET / HTTP/1.1" 200 512 "-" "Mozilla/5.0"
203.0.113.195 - - [15/Jan/2024:14:06:13 +0000] "GET / HTTP/1.1" 200 512 "-" "Mozilla/5.0"
203.0.113.195 - - [15/Jan/2024:14:06:13 +0000] "GET / HTTP/1.1" 200 512 "-" "Mozilla/5.0"
203.0.113.195 - - [15/Jan/2024:14:06:13 +0000] "GET / HTTP/1.1" 200 512 "-" "Mozilla/5.0"
203.0.113.195 - - [15/Jan/2024:14:06:13 +0000] "GET / HTTP/1.1" 200 512 "-" "Mozilla/5.0"
203.0.113.195 - - [15/Jan/2024:14:06:13 +0000] "GET / HTTP/1.1" 200 512 "-" "Mozilla/5.0"
203.0.113.195 - - [15/Jan/2024:14:06:13 +0000] "GET / HTTP/1.1" 200 512 "-" "Mozilla/5.0"
172.16.1.25 - - [15/Jan/2024:14:30:12 +0000] "GET /products HTTP/1.1" 200 12826 "-" "Mozilla/5.0 (Windows NT 10.0; Win64; x64; rv:120.0) Gecko/20100101 Firefox/120.0"
10.0.1.15 - - [15/Jan/2024:14:30:21 +0000] "GET /images/logo.png HTTP/1.1" 200 4441 "-" "Mozilla/5.0 (iPad; CPU OS 17_0 like Mac OS X) AppleWebKit/605.1.15"
192.168.2.200 - - [15/Jan/2024:14:30:35 +0000] "POST /api/v1/users HTTP/1.1" 200 8568 "-" "axios/1.4.0"
192.168.1.5 - frank [15/Jan/2024:14:30:45 +0000] "POST /blog/post/3 HTTP/1.1" 200 12005 "-" "Mozilla/5.0 (Windows NT 10.0; Win64; x64) AppleWebKit/537.36 (KHTML, like Gecko) Chrome/120.0.0.0 Safari/537.36"
10.0.1.15 - - [15/Jan/2024:14:30:50 +0000] "GET /shop/checkout HTTP/1.1" 200 9794 "-" "Mozilla/5.0 (iPad; CPU OS 17_0 like Mac OS X) AppleWebKit/605.1.15"
10.0.0.10 - - [15/Jan/2024:14:30:54 +0000] "GET /blog/post/3 HTTP/1.1" 200 10159 "-" "Mozilla/5.0 (Macintosh; Intel Mac OS X 10_15_7) AppleWebKit/605.1.15 (KHTML, like Gecko) Version/17.0 Safari/605.1.15"
192.168.1.100 - - [15/Jan/2024:14:31:11 +0000] "GET /js/app.js HTTP/1.1" 200 1056 "-" "Mozilla/5.0 (iPhone; CPU iPhone OS 17_0 like Mac OS X) AppleWebKit/605.1.15"
192.168.1.10 - alice [15/Jan/2024:14:31:31 +0000] "GET /news HTTP/1.1" 200 13408 "-" "Mozilla/5.0 (Macintosh; Intel Mac OS X 10_15_7) AppleWebKit/537.36 (KHTML, like Gecko) Chrome/120.0.0.0 Safari/537.36"
192.168.1.5 - frank [15/Jan/2024:14:31:34 +0000] "POST /index.html HTTP/1.1" 200 14453 "-" "Mozilla/5.0 (Windows NT 10.0; Win64; x64) AppleWebKit/537.36 (KHTML, like Gecko) Chrome/120.0.0.0 Safari/537.36"
10.20.30.40 - - [15/Jan/2024:14:31:44 +0000] "GET /shop/item/1 HTTP/1.1" 200 15023 "-" "Mozilla/5.0 (Windows NT 10.0; Win64; x64) AppleWebKit/537.36"
10.0.1.15 - - [15/Jan/2024:14:32:03 +0000] "GET /settings HTTP/1.1" 200 15078 "-" "Mozilla/5.0 (iPad; CPU OS 17_0 like Mac OS X) AppleWebKit/605.1.15"
10.0.0.10 - - [15/Jan/2024:14:32:19 +0000] "GET /products HTTP/1.1" 200 11606 "-" "Mozilla/5.0 (Macintosh; Intel Mac OS X 10_15_7) AppleWebKit/605.1.15 (KHTML, like Gecko) Version/17.0 Safari/605.1.15"
10.20.30.40 - - [15/Jan/2024:14:32:37 +0000] "GET / HTTP/1.1" 200 4892 "-" "Mozilla/5.0 (Windows NT 10.0; Win64; x64) AppleWebKit/537.36"
192.168.2.200 - - [15/Jan/2024:14:32:49 +0000] "GET /blog/post/2 HTTP/1.1" 200 7657 "-" "axios/1.4.0"
10.20.30.40 - - [15/Jan/2024:14:33:04 +0000] "GET /api/v1/orders HTTP/1.1" 200 11686 "-" "Mozilla/5.0 (Windows NT 10.0; Win64; x64) AppleWebKit/537.36"
172.16.1.25 - - [15/Jan/2024:14:33:09 +0000] "GET /api/data HTTP/1.1" 200 10528 "-" "Mozilla/5.0 (Windows NT 10.0; Win64; x64; rv:120.0) Gecko/20100101 Firefox/120.0"
172.16.1.25 - - [15/Jan/2024:14:33:29 +0000] "POST /blog HTTP/1.1" 200 6204 "-" "Mozilla/5.0 (Windows NT 10.0; Win64; x64; rv:120.0) Gecko/20100101 Firefox/120.0"
192.168.1.5 - frank [15/Jan/2024:14:33:44 +0000] "GET /home/profile HTTP/1.1" 200 11586 "-" "Mozilla/5.0 (Windows NT 10.0; Win64; x64) AppleWebKit/537.36 (KHTML, like Gecko) Chrome/120.0.0.0 Safari/537.36"
192.168.3.75 - bob [15/Jan/2024:14:34:00 +0000] "GET /home/profile HTTP/1.1" 200 12645 "-" "Mozilla/5.0 (X11; Ubuntu; Linux x86_64; rv:120.0) Gecko/20100101 Firefox/120.0"
10.0.0.10 - - [15/Jan/2024:14:34:08 +0000] "GET /css/style.css HTTP/1.1" 200 2503 "-" "Mozilla/5.0 (Macintosh; Intel Mac OS X 10_15_7) AppleWebKit/605.1.15 (KHTML, like Gecko) Version/17.0 Safari/605.1.15"
192.168.1.5 - frank [15/Jan/2024:14:34:14 +0000] "GET /about.html HTTP/1.1" 200 7212 "-" "Mozilla/5.0 (Windows NT 10.0; Win64; x64) AppleWebKit/537.36 (KHTML, like Gecko) Chrome/120.0.0.0 Safari/537.36"
192.168.1.100 - - [15/Jan/2024:14:34:29 +0000] "GET /settings HTTP/1.1" 200 6356 "-" "Mozilla/5.0 (iPhone; CPU iPhone OS 17_0 like Mac OS X) AppleWebKit/605.1.15"
192.168.1.10 - alice [15/Jan/2024:14:34:49 +0000] "GET /api/data HTTP/1.1" 200 1682 "-" "Mozilla/5.0 (Macintosh; Intel Mac OS X 10_15_7) AppleWebKit/537.36 (KHTML, like Gecko) Chrome/120.0.0.0 Safari/537.36"
192.168.1.10 - alice [15/Jan/2024:14:35:08 +0000] "GET /shop/item/3 HTTP/1.1" 200 15197 "-" "Mozilla/5.0 (Macintosh; Intel Mac OS X 10_15_7) AppleWebKit/537.36 (KHTML, like Gecko) Chrome/120.0.0.0 Safari/537.36"
10.0.0.10 - - [15/Jan/2024:14:35:11 +0000] "GET /css/style.css HTTP/1.1" 200 4643 "-" "Mozilla/5.0 (Macintosh; Intel Mac OS X 10_15_7) AppleWebKit/605.1.15 (KHTML, like Gecko) Version/17.0 Safari/605.1.15"
192.168.3.75 - bob [15/Jan/2024:14:35:28 +0000] "GET /images/logo.png HTTP/1.1" 200 3197 "-" "Mozilla/5.0 (X11; Ubuntu; Linux x86_64; rv:120.0) Gecko/20100101 Firefox/120.0"
192.168.2.200 - - [15/Jan/2024:14:35:41 +0000] "GET /settings HTTP/1.1" 200 3173 "-" "axios/1.4.0"
10.0.0.10 - - [15/Jan/2024:14:35:59 +0000] "POST /search HTTP/1.1" 200 3078 "-" "Mozilla/5.0 (Macintosh; Intel Mac OS X 10_15_7) AppleWebKit/605.1.15 (KHTML, like Gecko) Version/17.0 Safari/605.1.15"
10.0.1.15 - - [15/Jan/2024:14:36:16 +0000] "GET /blog/post/2 HTTP/1.1" 200 6589 "-" "Mozilla/5.0 (iPad; CPU OS 17_0 like Mac OS X) AppleWebKit/605.1.15"
192.168.1.10 - alice [15/Jan/2024:14:36:29 +0000] "GET /js/app.js HTTP/1.1" 200 7475 "-" "Mozilla/5.0 (Macintosh; Intel Mac OS X 10_15_7) AppleWebKit/537.36 (KHTML, like Gecko) Chrome/120.0.0.0 Safari/537.36"
192.168.3.75 - bob [15/Jan/2024:14:36:37 +0000] "GET /css/style.css HTTP/1.1" 200 7520 "-" "Mozilla/5.0 (X11; Ubuntu; Linux x86_64; rv:120.0) Gecko/20100101 Firefox/120.0"
192.168.1.10 - alice [15/Jan/2024:14:36:45 +0000] "GET /api/v1/orders HTTP/1.1" 200 11063 "-" "Mozilla/5.0 (Macintosh; Intel Mac OS X 10_15_7) AppleWebKit/537.36 (KHTML, like Gecko) Chrome/120.0.0.0 Safari/537.36"
172.16.0.50 - - [15/Jan/2024:14:36:57 +0000] "GET /shop/item/3 HTTP/1.1" 200 14152 "-" "Mozilla/5.0 (X11; Linux x86_64; rv:120.0) Gecko/20100101 Firefox/120.0"
10.20.30.40 - - [15/Jan/2024:14:37:15 +0000] "GET /robots.txt HTTP/1.1" 200 2325 "-" "Mozilla/5.0 (Windows NT 10.0; Win64; x64) AppleWebKit/537.36"
172.16.1.25 - - [15/Jan/2024:14:37:30 +0000] "GET /settings HTTP/1.1" 200 11974 "-" "Mozilla/5.0 (Windows NT 10.0; Win64; x64; rv:120.0) Gecko/20100101 Firefox/120.0"
10.0.1.15 - - [15/Jan/2024:14:37:39 +0000] "GET /shop/item/2 HTTP/1.1" 200 6272 "-" "Mozilla/5.0 (iPad; CPU OS 17_0 like Mac OS X) AppleWebKit/605.1.15"
192.168.3.75 - bob [15/Jan/2024:14:37:50 +0000] "GET /shop/cart HTTP/1.1" 200 4676 "-" "Mozilla/5.0 (X11; Ubuntu; Linux x86_64; rv:120.0) Gecko/20100101 Firefox/120.0"
10.20.30.40 - - [15/Jan/2024:14:37:58 +0000] "GET /search HTTP/1.1" 200 1444 "-" "Mozilla/5.0 (Windows NT 10.0; Win64; x64) AppleWebKit/537.36"
172.16.1.25 - - [15/Jan/2024:14:38:07 +0000] "GET /js/app.js HTTP/1.1" 200 16117 "-" "Mozilla/5.0 (Windows NT 10.0; Win64; x64; rv:120.0) Gecko/20100101 Firefox/120.0"
172.16.0.50 - - [15/Jan/2024:14:38:22 +0000] "POST /profile HTTP/1.1" 200 7677 "-" "Mozilla/5.0 (X11; Linux x86_64; rv:120.0) Gecko/20100101 Firefox/120.0"
192.168.3.75 - bob [15/Jan/2024:14:38:37 +0000] "GET /images/logo.png HTTP/1.1" 200 13748 "-" "Mozilla/5.0 (X11; Ubuntu; Linux x86_64; rv:120.0) Gecko/20100101 Firefox/120.0"
172.16.0.50 - - [15/Jan/2024:14:38:50 +0000] "GET /home/profile HTTP/1.1" 200 14314 "-" "Mozilla/5.0 (X11; Linux x86_64; rv:120.0) Gecko/20100101 Firefox/120.0"
10.0.0.10 - - [15/Jan/2024:14:38:58 +0000] "GET /images/logo.png HTTP/1.1" 200 4389 "-" "Mozilla/5.0 (Macintosh; Intel Mac OS X 10_15_7) AppleWebKit/605.1.15 (KHTML, like Gecko) Version/17.0 Safari/605.1.15"
10.0.0.10 - - [15/Jan/2024:14:39:16 +0000] "GET /sitemap.xml HTTP/1.1" 200 2470 "-" "Mozilla/5.0 (Macintosh; Intel Mac OS X 10_15_7) AppleWebKit/605.1.15 (KHTML, like Gecko) Version/17.0 Safari/605.1.15"
192.168.1.10 - alice [15/Jan/2024:14:39:18 +0000] "GET /news HTTP/1.1" 200 15451 "-" "Mozilla/5.0 (Macintosh; Intel Mac OS X 10_15_7) AppleWebKit/537.36 (KHTML, like Gecko) Chrome/120.0.0.0 Safari/537.36"
192.168.1.10 - alice [15/Jan/2024:14:39:24 +0000] "GET /home HTTP/1.1" 200 6225 "-" "Mozilla/5.0 (Macintosh; Intel Mac OS X 10_15_7) AppleWebKit/537.36 (KHTML, like Gecko) Chrome/120.0.0.0 Safari/537.36"
10.0.1.15 - - [15/Jan/2024:14:39:36 +0000] "GET /shop/cart HTTP/1.1" 200 10220 "-" "Mozilla/5.0 (iPad; CPU OS 17_0 like Mac OS X) AppleWebKit/605.1.15"
172.16.1.25 - - [15/Jan/2024:14:39:52 +0000] "POST /profile HTTP/1.1" 200 10064 "-" "Mozilla/5.0 (Windows NT 10.0; Win64; x64; rv:120.0) Gecko/20100101 Firefox/120.0"
192.168.1.5 - frank [15/Jan/2024:14:40:10 +0000] "GET /about.html HTTP/1.1" 200 4428 "-" "Mozilla/5.0 (Windows NT 10.0; Win64; x64) AppleWebKit/537.36 (KHTML, like Gecko) Chrome/120.0.0.0 Safari/537.36"
192.168.3.75 - bob [15/Jan/2024:14:40:17 +0000] "GET /home HTTP/1.1" 200 3646 "-" "Mozilla/5.0 (X11; Ubuntu; Linux x86_64; rv:120.0) Gecko/20100101 Firefox/120.0"
10.0.1.15 - - [15/Jan/2024:14:40:22 +0000] "GET /shop/cart HTTP/1.1" 200 9037 "-" "Mozilla/5.0 (iPad; CPU OS 17_0 like Mac OS X) AppleWebKit/605.1.15"
172.16.0.50 - - [15/Jan/2024:14:40:38 +0000] "POST /api/v1/orders HTTP/1.1" 200 1563 "-" "Mozilla/5.0 (X11; Linux x86_64; rv:120.0) Gecko/20100101 Firefox/120.0"
10.0.0.10 - - [15/Jan/2024:14:40:56 +0000] "GET /shop/checkout HTTP/1.1" 200 8430 "-" "Mozilla/5.0 (Macintosh; Intel Mac OS X 10_15_7) AppleWebKit/605.1.15 (KHTML, like Gecko) Version/17.0 Safari/605.1.15"
10.0.1.15 - - [15/Jan/2024:14:41:05 +0000] "GET /index.html HTTP/1.1" 200 9972 "-" "Mozilla/5.0 (iPad; CPU OS 17_0 like Mac OS X) AppleWebKit/605.1.15"
192.168.1.10 - alice [15/Jan/2024:14:41:19 +0000] "GET /api/data HTTP/1.1" 200 3632 "-" "Mozilla/5.0 (Macintosh; Intel Mac OS X 10_15_7) AppleWebKit/537.36 (KHTML, like Gecko) Chrome/120.0.0.0 Safari/537.36"
10.0.1.15 - - [15/Jan/2024:14:41:28 +0000] "GET /home/profile HTTP/1.1" 200 12547 "-" "Mozilla/5.0 (iPad; CPU OS 17_0 like Mac OS X) AppleWebKit/605.1.15"
192.168.2.200 - - [15/Jan/2024:14:41:33 +0000] "GET /index.html HTTP/1.1" 200 10567 "-" "axios/1.4.0"
192.168.1.100 - - [15/Jan/2024:14:41:43 +0000] "GET /contact HTTP/1.1" 200 1883 "-" "Mozilla/5.0 (iPhone; CPU iPhone OS 17_0 like Mac OS X) AppleWebKit/605.1.15"
192.168.1.10 - alice [15/Jan/2024:14:41:56 +0000] "GET /news HTTP/1.1" 200 15675 "-" "Mozilla/5.0 (Macintosh; Intel Mac OS X 10_15_7) AppleWebKit/537.36 (KHTML, like Gecko) Chrome/120.0.0.0 Safari/537.36"
192.168.2.200 - - [15/Jan/2024:14:42:14 +0000] "GET /blog/post/1 HTTP/1.1" 200 256 "-" "axios/1.4.0"
